Archive member included to satisfy reference by file (symbol)

../lib/libc/librmm-lib-libc.a(assert.c.obj)
                              CMakeFiles/rmm-runtime.dir/core/exit.c.obj (__assert_func)
../lib/libc/librmm-lib-libc.a(memcpy.c.obj)
                              CMakeFiles/rmm-runtime.dir/rmi/realm.c.obj (memcpy)
../lib/libc/librmm-lib-libc.a(printf.c.obj)
                              CMakeFiles/rmm-runtime.dir/rsi/logger.c.obj (snprintf_)
../lib/libc/librmm-lib-libc.a(memset.S.obj)
                              CMakeFiles/rmm-runtime.dir/core/aarch64/head.S.obj (memset)
../plat/qemu/librmm-qemu.a(qemu_setup.c.obj)
                              CMakeFiles/rmm-runtime.dir/core/aarch64/head.S.obj (plat_warmboot_setup)
../plat/qemu/librmm-qemu.a(qemu_memory.c.obj)
                              ../plat/qemu/librmm-qemu.a(qemu_setup.c.obj) (qemu_set_dram_layout)
../plat/qemu/librmm-qemu.a(qemu_granule.c.obj)
                              ../plat/qemu/librmm-qemu.a(qemu_memory.c.obj) (qemu_get_dram_layout)
../lib/realm/librmm-lib-realm.a(buffer.c.obj)
                              CMakeFiles/rmm-runtime.dir/core/init.c.obj (slot_buf_finish_warmboot_init)
../lib/realm/librmm-lib-realm.a(granule.c.obj)
                              CMakeFiles/rmm-runtime.dir/rmi/rec.c.obj (granule_addr)
../lib/realm/librmm-lib-realm.a(s2tt.c.obj)
                              CMakeFiles/rmm-runtime.dir/rmi/rtt.c.obj (s2tte_is_unassigned_empty)
../lib/timers/librmm-lib-timers.a(timers.c.obj)
                              CMakeFiles/rmm-runtime.dir/core/run.c.obj (check_pending_timers)
../drivers/pl011/librmm-driver-pl011.a(pl011.c.obj)
                              ../plat/qemu/librmm-qemu.a(qemu_setup.c.obj) (uart_init)
../plat/common/librmm-plat-common.a(plat_common_init.c.obj)
                              ../plat/qemu/librmm-qemu.a(qemu_setup.c.obj) (plat_cmn_setup)
../lib/attestation/librmm-lib-attestation.a(attestation_token.c.obj)
                              CMakeFiles/rmm-runtime.dir/rsi/realm_attest.c.obj (attest_realm_token_sign)
../lib/attestation/librmm-lib-attestation.a(attestation_utils.c.obj)
                              CMakeFiles/rmm-runtime.dir/core/init.c.obj (attestation_init)
../lib/attestation/librmm-lib-attestation.a(attestation_key.c.obj)
                              ../lib/attestation/librmm-lib-attestation.a(attestation_utils.c.obj) (attest_init_realm_attestation_key)
../lib/attestation/librmm-lib-attestation.a(attestation_rnd.c.obj)
                              ../lib/attestation/librmm-lib-attestation.a(attestation_utils.c.obj) (attest_rnd_prng_init)
../lib/allocator/librmm-lib-allocator.a(memory_alloc.c.obj)
                              ../lib/attestation/librmm-lib-attestation.a(attestation_utils.c.obj) (buffer_alloc_ctx_assign)
../lib/rmm_el3_ifc/librmm-lib-rmm_el3_ifc.a(rmm_el3_ifc.c.obj)
                              ../plat/qemu/librmm-qemu.a(qemu_setup.c.obj) (rmm_el3_ifc_report_fail_to_el3)
../lib/rmm_el3_ifc/librmm-lib-rmm_el3_ifc.a(rmm_el3_ifc_manifest.c.obj)
                              ../lib/rmm_el3_ifc/librmm-lib-rmm_el3_ifc.a(rmm_el3_ifc.c.obj) (rmm_el3_ifc_process_boot_manifest)
../lib/rmm_el3_ifc/librmm-lib-rmm_el3_ifc.a(rmm_el3_runtime.c.obj)
                              ../lib/attestation/librmm-lib-attestation.a(attestation_key.c.obj) (rmm_el3_ifc_get_shared_buf_locked)
../lib/rmm_el3_ifc/librmm-lib-rmm_el3_ifc.a(rmm_el3_ifc_helpers.S.obj)
                              CMakeFiles/rmm-runtime.dir/core/aarch64/head.S.obj (rmm_el3_ifc_validate_cpuid)
../lib/t_cose/libt_cose.a(t_cose_sign_sign.c.obj)
                              ../lib/attestation/librmm-lib-attestation.a(attestation_token.c.obj) (t_cose_sign_encode_start)
../lib/t_cose/libt_cose.a(t_cose_signature_sign_restart.c.obj)
                              ../lib/attestation/librmm-lib-attestation.a(attestation_token.c.obj) (t_cose_signature_sign_restart_init)
../lib/t_cose/libt_cose.a(t_cose_util.c.obj)
                              ../lib/t_cose/libt_cose.a(t_cose_sign_sign.c.obj) (qcbor_encode_error_to_t_cose_error)
../lib/t_cose/libt_cose.a(t_cose_psa_crypto.c.obj)
                              ../lib/t_cose/libt_cose.a(t_cose_util.c.obj) (t_cose_crypto_is_algorithm_supported)
../lib/t_cose/libt_cose.a(t_cose_parameters.c.obj)
                              ../lib/t_cose/libt_cose.a(t_cose_sign_sign.c.obj) (t_cose_headers_encode)
../ext/qcbor/libqcbor.a(qcbor_decode.c.obj)
                              ../lib/t_cose/libt_cose.a(t_cose_parameters.c.obj) (QCBORDecode_VPeekNext)
../ext/qcbor/libqcbor.a(qcbor_encode.c.obj)
                              ../lib/attestation/librmm-lib-attestation.a(attestation_token.c.obj) (QCBOREncode_Init)
../ext/qcbor/libqcbor.a(UsefulBuf.c.obj)
                              ../lib/t_cose/libt_cose.a(t_cose_psa_crypto.c.obj) (UsefulBuf_CopyOffset)
../lib/gic/librmm-lib-gic.a(gic.c.obj)
[...]
Memory Configuration

Name             Origin             Length             Attributes
RAM              0x0000000000000000 0x0000000002800000 xrw
*default*        0x0000000000000000 0xffffffffffffffff

Linker script and memory map

                0x0000000000000000                rmm_base = .

.text           0x0000000000000000    0x2c000
                0x0000000000000000                rmm_text_start = .
 *head.S.obj(.text*)
 .text.asm.rmm_entry
                0x0000000000000000      0x100 CMakeFiles/rmm-runtime.dir/core/aarch64/head.S.obj
                0x0000000000000000                rmm_entry
                0x0000000000000100                . = ALIGN (0x8)
 *(.text*)
 .text.asm.rmm_handler
                0x0000000000000100       0x38 CMakeFiles/rmm-runtime.dir/core/aarch64/entry.S.obj
                0x0000000000000100                rmm_handler
 .text.asm.fixup_gdt_reloc
                0x0000000000000138       0xac CMakeFiles/rmm-runtime.dir/core/aarch64/helpers.S.obj
                0x0000000000000138                fixup_gdt_reloc
 .text.asm.memcpy_ns_read
                0x00000000000001e4       0x28 CMakeFiles/rmm-runtime.dir/core/aarch64/ns_access.S.obj
                0x00000000000001e4                memcpy_ns_read
                0x00000000000001f0                ns_read
 .text.asm.memcpy_ns_write
                0x000000000000020c       0x28 CMakeFiles/rmm-runtime.dir/core/aarch64/ns_access.S.obj
                0x000000000000020c                memcpy_ns_write
                0x000000000000021c                ns_write
 .text.asm.ns_access_ret_0
                0x0000000000000234        0xc CMakeFiles/rmm-runtime.dir/core/aarch64/ns_access.S.obj
                0x0000000000000234                ns_access_ret_0
 .text.asm.run_realm
                0x0000000000000240       0x74 CMakeFiles/rmm-runtime.dir/core/aarch64/run-asm.S.obj
                0x0000000000000240                run_realm
 .text.asm.realm_exit
                0x00000000000002b4       0x88 CMakeFiles/rmm-runtime.dir/core/aarch64/run-asm.S.obj
                0x00000000000002b4                realm_exit
 *fill*         0x000000000000033c      0x4c4 
 .text          0x0000000000000800      0x828 CMakeFiles/rmm-runtime.dir/core/aarch64/vectors.S.obj
                0x0000000000000800                el2_vectors
 .text.fixup_aarch32_data_abort
                0x0000000000001028       0x24 CMakeFiles/rmm-runtime.dir/core/exit.c.obj
 .text.access_in_rec_par
                0x000000000000104c       0x18 CMakeFiles/rmm-runtime.dir/core/exit.c.obj
 .text.fsc_is_external_abort
                0x0000000000001064       0x2c CMakeFiles/rmm-runtime.dir/core/exit.c.obj
 .text.advance_pc
                0x0000000000001090       0x10 CMakeFiles/rmm-runtime.dir/core/exit.c.obj
 .text.handle_exception_irq_lel
                0x00000000000010a0       0x10 CMakeFiles/rmm-runtime.dir/core/exit.c.obj
 .text.system_abort
                0x00000000000010b0       0x28 CMakeFiles/rmm-runtime.dir/core/exit.c.obj
 .text.get_dabt_write_value
                0x00000000000010d8       0x90 CMakeFiles/rmm-runtime.dir/core/exit.c.obj
 .text.handle_simd_exception
                0x0000000000001168       0xd8 CMakeFiles/rmm-runtime.dir/core/exit.c.obj
 .text.handle_sync_external_abort
                0x0000000000001240       0x98 CMakeFiles/rmm-runtime.dir/core/exit.c.obj
 .text.ipa_is_empty
                0x00000000000012d8       0x70 CMakeFiles/rmm-runtime.dir/core/exit.c.obj
 .text.handle_data_abort
                0x0000000000001348      0x100 CMakeFiles/rmm-runtime.dir/core/exit.c.obj
 .text.handle_exception_serror_lel
                0x0000000000001448       0xac CMakeFiles/rmm-runtime.dir/core/exit.c.obj
 .text.rmm_log  0x00000000000014f4       0x64 CMakeFiles/rmm-runtime.dir/core/exit.c.obj
 .text.handle_instruction_abort
                0x0000000000001558      0x100 CMakeFiles/rmm-runtime.dir/core/exit.c.obj
 .text.emulate_stage2_data_abort
                0x0000000000001658       0x5c CMakeFiles/rmm-runtime.dir/core/exit.c.obj
                0x0000000000001658                emulate_stage2_data_abort
 .text.handle_realm_rsi
                0x00000000000016b4      0x310 CMakeFiles/rmm-runtime.dir/core/exit.c.obj
 .text.handle_exception_sync
                0x00000000000019c4      0x118 CMakeFiles/rmm-runtime.dir/core/exit.c.obj
 .text.handle_realm_exit
                0x0000000000001adc       0xd0 CMakeFiles/rmm-runtime.dir/core/exit.c.obj
                0x0000000000001adc                handle_realm_exit
 .text.is_el2_data_abort_gpf
                0x0000000000001bac       0x28 CMakeFiles/rmm-runtime.dir/core/handler.c.obj
 .text.rmm_log  0x0000000000001bd4       0x64 CMakeFiles/rmm-runtime.dir/core/handler.c.obj
 .text.rmi_log_on_exit
                0x0000000000001c38      0x250 CMakeFiles/rmm-runtime.dir/core/handler.c.obj
 .text.report_unexpected
                0x0000000000001e88       0x74 CMakeFiles/rmm-runtime.dir/core/handler.c.obj
 .text.fatal_abort
                0x0000000000001efc       0x14 CMakeFiles/rmm-runtime.dir/core/handler.c.obj
 .text.handle_ns_smc
                0x0000000000001f10      0x348 CMakeFiles/rmm-runtime.dir/core/handler.c.obj
                0x0000000000001f10                handle_ns_smc
 .text.handle_rmm_trap
                0x0000000000002258       0x6c CMakeFiles/rmm-runtime.dir/core/handler.c.obj
                0x0000000000002258                handle_rmm_trap
 .text.rmm_arch_init
                0x00000000000022c4       0x2c CMakeFiles/rmm-runtime.dir/core/init.c.obj
 .text.rmm_log  0x00000000000022f0       0x64 CMakeFiles/rmm-runtime.dir/core/init.c.obj
 .text.rmm_warmboot_main
                0x0000000000002354       0x18 CMakeFiles/rmm-runtime.dir/core/init.c.obj
                0x0000000000002354                rmm_warmboot_main
 .text.rmm_main
                0x000000000000236c       0xd4 CMakeFiles/rmm-runtime.dir/core/init.c.obj
                0x000000000000236c                rmm_main
 .text.calc_pstate
                0x0000000000002440        0x8 CMakeFiles/rmm-runtime.dir/core/inject_exp.c.obj
 .text.calc_esr_idabort
                0x0000000000002448       0xa4 CMakeFiles/rmm-runtime.dir/core/inject_exp.c.obj
 .text.calc_vector_entry
                0x00000000000024ec       0x68 CMakeFiles/rmm-runtime.dir/core/inject_exp.c.obj
 .text.inject_sync_idabort
                0x0000000000002554       0x70 CMakeFiles/rmm-runtime.dir/core/inject_exp.c.obj
                0x0000000000002554                inject_sync_idabort
 .text.inject_sync_idabort_rec
                0x00000000000025c4       0x60 CMakeFiles/rmm-runtime.dir/core/inject_exp.c.obj
                0x00000000000025c4                inject_sync_idabort_rec
 .text.realm_inject_undef_abort
                0x0000000000002624       0x4c CMakeFiles/rmm-runtime.dir/core/inject_exp.c.obj
                0x0000000000002624                realm_inject_undef_abort
 .text.save_sysreg_state
                0x0000000000002670      0x10c CMakeFiles/rmm-runtime.dir/core/run.c.obj
 .text.restore_sysreg_state
                0x000000000000277c      0x114 CMakeFiles/rmm-runtime.dir/core/run.c.obj
 .text.configure_realm_stage2
                0x0000000000002890       0x14 CMakeFiles/rmm-runtime.dir/core/run.c.obj
 .text.activate_events
                0x00000000000028a4       0x24 CMakeFiles/rmm-runtime.dir/core/run.c.obj
 .text.save_ns_state
                0x00000000000028c8       0x50 CMakeFiles/rmm-runtime.dir/core/run.c.obj
 .text.restore_realm_state
                0x0000000000002918       0x70 CMakeFiles/rmm-runtime.dir/core/run.c.obj
 .text.restore_ns_state
                0x0000000000002988       0x50 CMakeFiles/rmm-runtime.dir/core/run.c.obj
 .text.save_realm_state
                0x00000000000029d8       0x60 CMakeFiles/rmm-runtime.dir/core/run.c.obj
 .text.inject_serror
                0x0000000000002a38       0x14 CMakeFiles/rmm-runtime.dir/core/run.c.obj
                0x0000000000002a38                inject_serror
 .text.init_all_cpus_ns_simd_context
                0x0000000000002a4c       0x78 CMakeFiles/rmm-runtime.dir/core/run.c.obj
                0x0000000000002a4c                init_all_cpus_ns_simd_context
 .text.get_cpu_ns_simd_context
                0x0000000000002ac4       0x20 CMakeFiles/rmm-runtime.dir/core/run.c.obj
                0x0000000000002ac4                get_cpu_ns_simd_context
 .text.rec_run_loop
                0x0000000000002ae4      0x2b4 CMakeFiles/rmm-runtime.dir/core/run.c.obj
                0x0000000000002ae4                rec_run_loop
 .text.handle_dc_sw_sysreg_trap
                0x0000000000002d98       0xd8 CMakeFiles/rmm-runtime.dir/core/sysregs.c.obj
 .text.get_sysreg_write_value
                0x0000000000002e70       0x28 CMakeFiles/rmm-runtime.dir/core/sysregs.c.obj
 .text.emulate_sysreg_access_ns
                0x0000000000002e98       0x28 CMakeFiles/rmm-runtime.dir/core/sysregs.c.obj
 .text.handle_icc_el1_sysreg_trap
                0x0000000000002ec0       0x9c CMakeFiles/rmm-runtime.dir/core/sysregs.c.obj
 .text.handle_id_sysreg_trap
                0x0000000000002f5c      0x204 CMakeFiles/rmm-runtime.dir/core/sysregs.c.obj
 .text.rmm_log  0x0000000000003160       0x64 CMakeFiles/rmm-runtime.dir/core/sysregs.c.obj
 .text.handle_sysreg_access_trap
                0x00000000000031c4      0x128 CMakeFiles/rmm-runtime.dir/core/sysregs.c.obj
                0x00000000000031c4                handle_sysreg_access_trap
 .text.vmid_reserve
                0x00000000000032ec       0x58 CMakeFiles/rmm-runtime.dir/core/vmid.c.obj
                0x00000000000032ec                vmid_reserve
 .text.vmid_free
                0x0000000000003344       0x70 CMakeFiles/rmm-runtime.dir/core/vmid.c.obj
                0x0000000000003344                vmid_free
 .text.get_feature_register_0
                0x00000000000033b4       0x9c CMakeFiles/rmm-runtime.dir/rmi/feature.c.obj
                0x00000000000033b4                get_feature_register_0
 .text.smc_read_feature_register
                0x0000000000003450       0x2c CMakeFiles/rmm-runtime.dir/rmi/feature.c.obj
                0x0000000000003450                smc_read_feature_register
 .text.granule_unlock
                0x000000000000347c      0x18c CMakeFiles/rmm-runtime.dir/rmi/granule.c.obj
 .text.rmm_log  0x0000000000003608       0x64 CMakeFiles/rmm-runtime.dir/rmi/granule.c.obj
 .text.smc_granule_delegate
                0x000000000000366c       0xb0 CMakeFiles/rmm-runtime.dir/rmi/granule.c.obj
                0x000000000000366c                smc_granule_delegate
 .text.smc_granule_undelegate
                0x000000000000371c       0xb0 CMakeFiles/rmm-runtime.dir/rmi/granule.c.obj
                0x000000000000371c                smc_granule_undelegate
 .text.s2_inconsistent_sl
                0x00000000000037cc       0x34 CMakeFiles/rmm-runtime.dir/rmi/realm.c.obj
 .text.s2_num_root_rtts
                0x0000000000003800       0x30 CMakeFiles/rmm-runtime.dir/rmi/realm.c.obj
 .text.get_realm_params
                0x0000000000003830       0x54 CMakeFiles/rmm-runtime.dir/rmi/realm.c.obj
 .text.validate_ipa_bits_and_sl
                0x0000000000003884       0x70 CMakeFiles/rmm-runtime.dir/rmi/realm.c.obj
 .text.validate_realm_params
                0x00000000000038f4      0x138 CMakeFiles/rmm-runtime.dir/rmi/realm.c.obj
 .text.init_s2_starting_level
                0x0000000000003a2c      0x134 CMakeFiles/rmm-runtime.dir/rmi/realm.c.obj
 .text.total_root_rtt_refcount
                0x0000000000003b60      0x274 CMakeFiles/rmm-runtime.dir/rmi/realm.c.obj
 .text.free_sl_rtts
                0x0000000000003dd4      0x2a8 CMakeFiles/rmm-runtime.dir/rmi/realm.c.obj
 .text.find_lock_rd_granules
                0x000000000000407c      0x3ec CMakeFiles/rmm-runtime.dir/rmi/realm.c.obj
 .text.granule_unlock
                0x0000000000004468      0x18c CMakeFiles/rmm-runtime.dir/rmi/realm.c.obj
 .text.smc_realm_activate
                0x00000000000045f4      0x1f8 CMakeFiles/rmm-runtime.dir/rmi/realm.c.obj
                0x00000000000045f4                smc_realm_activate
 .text.smc_realm_create
                0x00000000000047ec      0x3c4 CMakeFiles/rmm-runtime.dir/rmi/realm.c.obj
                0x00000000000047ec                smc_realm_create
 .text.smc_realm_destroy
                0x0000000000004bb0      0x2f4 CMakeFiles/rmm-runtime.dir/rmi/realm.c.obj
                0x0000000000004bb0                smc_realm_destroy
 .text.init_rec_sysregs
                0x0000000000004ea4       0x48 CMakeFiles/rmm-runtime.dir/rmi/rec.c.obj
 .text.realm_vtcr
                0x0000000000004eec       0x7c CMakeFiles/rmm-runtime.dir/rmi/rec.c.obj
 .text.init_common_sysregs
                0x0000000000004f68       0x78 CMakeFiles/rmm-runtime.dir/rmi/rec.c.obj
 .text.init_rec_regs
                0x0000000000004fe0       0x74 CMakeFiles/rmm-runtime.dir/rmi/rec.c.obj
 .text.rec_attestation_heap_init
                0x0000000000005054       0x7c CMakeFiles/rmm-runtime.dir/rmi/rec.c.obj
 .text.rec_simd_state_init
                0x00000000000050d0       0x44 CMakeFiles/rmm-runtime.dir/rmi/rec.c.obj
 .text.rec_aux_granules_init
                0x0000000000005114       0xbc CMakeFiles/rmm-runtime.dir/rmi/rec.c.obj
 .text.free_rec_aux_granules
                0x00000000000051d0      0x2ac CMakeFiles/rmm-runtime.dir/rmi/rec.c.obj
 .text.granule_unlock
                0x000000000000547c      0x18c CMakeFiles/rmm-runtime.dir/rmi/rec.c.obj
 .text.smc_rec_create
                0x0000000000005608      0x50c CMakeFiles/rmm-runtime.dir/rmi/rec.c.obj
                0x0000000000005608                smc_rec_create
 .text.smc_rec_destroy
                0x0000000000005b14      0x2b4 CMakeFiles/rmm-runtime.dir/rmi/rec.c.obj
                0x0000000000005b14                smc_rec_destroy
 .text.smc_rec_aux_count
                0x0000000000005dc8      0x1f4 CMakeFiles/rmm-runtime.dir/rmi/rec.c.obj
                0x0000000000005dc8                smc_rec_aux_count
 .text.smc_psci_complete
                0x0000000000005fbc      0x450 CMakeFiles/rmm-runtime.dir/rmi/rec.c.obj
                0x0000000000005fbc                smc_psci_complete
 .text.__granule_refcount_inc
                0x000000000000640c       0x40 CMakeFiles/rmm-runtime.dir/rmi/rtt.c.obj
 .text.__granule_get
                0x000000000000644c       0x40 CMakeFiles/rmm-runtime.dir/rmi/rtt.c.obj
 .text.pack_return_code
                0x000000000000648c       0x68 CMakeFiles/rmm-runtime.dir/rmi/rtt.c.obj
 .text.validate_map_addr
                0x00000000000064f4       0x44 CMakeFiles/rmm-runtime.dir/rmi/rtt.c.obj
 .text.validate_rtt_structure_cmds
                0x0000000000006538       0x44 CMakeFiles/rmm-runtime.dir/rmi/rtt.c.obj
 .text.validate_rtt_map_cmds
                0x000000000000657c       0x2c CMakeFiles/rmm-runtime.dir/rmi/rtt.c.obj
 .text.validate_rtt_entry_cmds
                0x00000000000065a8       0x3c CMakeFiles/rmm-runtime.dir/rmi/rtt.c.obj
 .text.validate_data_create_unknown
                0x00000000000065e4       0x4c CMakeFiles/rmm-runtime.dir/rmi/rtt.c.obj
 .text.validate_data_create
                0x0000000000006630       0x24 CMakeFiles/rmm-runtime.dir/rmi/rtt.c.obj
 .text.update_ripas
                0x0000000000006654      0x204 CMakeFiles/rmm-runtime.dir/rmi/rtt.c.obj
 .text.granule_unlock
                0x0000000000006858      0x18c CMakeFiles/rmm-runtime.dir/rmi/rtt.c.obj
 .text.rtt_set_ripas_range
                0x00000000000069e4      0x198 CMakeFiles/rmm-runtime.dir/rmi/rtt.c.obj
 .text.data_create
                0x0000000000006b7c      0x3c0 CMakeFiles/rmm-runtime.dir/rmi/rtt.c.obj
 .text.map_unmap_ns
                0x0000000000006f3c      0x408 CMakeFiles/rmm-runtime.dir/rmi/rtt.c.obj
 .text.smc_rtt_create
                0x0000000000007344      0x6e0 CMakeFiles/rmm-runtime.dir/rmi/rtt.c.obj
                0x0000000000007344                smc_rtt_create
 .text.smc_rtt_fold
                0x0000000000007a24      0x71c CMakeFiles/rmm-runtime.dir/rmi/rtt.c.obj
                0x0000000000007a24                smc_rtt_fold
 .text.smc_rtt_destroy
                0x0000000000008140      0x498 CMakeFiles/rmm-runtime.dir/rmi/rtt.c.obj
                0x0000000000008140                smc_rtt_destroy
 .text.smc_rtt_map_unprotected
                0x00000000000085d8       0x80 CMakeFiles/rmm-runtime.dir/rmi/rtt.c.obj
                0x00000000000085d8                smc_rtt_map_unprotected
 .text.smc_rtt_unmap_unprotected
                0x0000000000008658       0x3c CMakeFiles/rmm-runtime.dir/rmi/rtt.c.obj
                0x0000000000008658                smc_rtt_unmap_unprotected
 .text.smc_rtt_read_entry
                0x0000000000008694      0x3a4 CMakeFiles/rmm-runtime.dir/rmi/rtt.c.obj
                0x0000000000008694                smc_rtt_read_entry
 .text.smc_data_create
                0x0000000000008a38       0x80 CMakeFiles/rmm-runtime.dir/rmi/rtt.c.obj
                0x0000000000008a38                smc_data_create
 .text.smc_data_create_unknown
                0x0000000000008ab8       0x1c CMakeFiles/rmm-runtime.dir/rmi/rtt.c.obj
                0x0000000000008ab8                smc_data_create_unknown
 .text.smc_data_destroy
                0x0000000000008ad4      0x440 CMakeFiles/rmm-runtime.dir/rmi/rtt.c.obj
                0x0000000000008ad4                smc_data_destroy
 .text.smc_rtt_init_ripas
                0x0000000000008f14      0x3e8 CMakeFiles/rmm-runtime.dir/rmi/rtt.c.obj
                0x0000000000008f14                smc_rtt_init_ripas
 .text.smc_rtt_set_ripas
                0x00000000000092fc      0x370 CMakeFiles/rmm-runtime.dir/rmi/rtt.c.obj
                0x00000000000092fc                smc_rtt_set_ripas
 .text.reset_last_run_info
                0x000000000000966c        0x8 CMakeFiles/rmm-runtime.dir/rmi/run.c.obj
 .text.complete_set_ripas
                0x0000000000009674       0x58 CMakeFiles/rmm-runtime.dir/rmi/run.c.obj
 .text.complete_sysreg_emulation
                0x00000000000096cc       0x3c CMakeFiles/rmm-runtime.dir/rmi/run.c.obj
 .text.granule_unlock
                0x0000000000009708      0x18c CMakeFiles/rmm-runtime.dir/rmi/run.c.obj
 .text.complete_mmio_emulation
                0x0000000000009894      0x16c CMakeFiles/rmm-runtime.dir/rmi/run.c.obj
 .text.complete_sea_insertion
                0x0000000000009a00       0x70 CMakeFiles/rmm-runtime.dir/rmi/run.c.obj
 .text.complete_host_call
                0x0000000000009a70       0x6c CMakeFiles/rmm-runtime.dir/rmi/run.c.obj
 .text.smc_rec_enter
                0x0000000000009adc      0x3e4 CMakeFiles/rmm-runtime.dir/rmi/run.c.obj
                0x0000000000009adc                smc_rec_enter
 .text.smc_version
                0x0000000000009ec0       0x2c CMakeFiles/rmm-runtime.dir/rmi/system.c.obj
                0x0000000000009ec0                smc_version
 .text.handle_rsi_realm_config
                0x0000000000009eec      0x280 CMakeFiles/rmm-runtime.dir/rsi/config.c.obj
                0x0000000000009eec                handle_rsi_realm_config
 .text.handle_rsi_features
                0x000000000000a16c       0x18 CMakeFiles/rmm-runtime.dir/rsi/feature.c.obj
                0x000000000000a16c                handle_rsi_features
 .text.do_host_call
                0x000000000000a184      0x344 CMakeFiles/rmm-runtime.dir/rsi/host_call.c.obj
 .text.handle_rsi_host_call
                0x000000000000a4c8       0x7c CMakeFiles/rmm-runtime.dir/rsi/host_call.c.obj
                0x000000000000a4c8                handle_rsi_host_call
 .text.complete_rsi_host_call
                0x000000000000a544       0x74 CMakeFiles/rmm-runtime.dir/rsi/host_call.c.obj
                0x000000000000a544                complete_rsi_host_call
 .text.handle_rsi_msk_call
                0x000000000000a5b8       0x1c CMakeFiles/rmm-runtime.dir/rsi/msk_call.c.obj
                0x000000000000a5b8                handle_rsi_msk_call
 .text.fid_to_rsi_logger
                0x000000000000a5d4       0x1c CMakeFiles/rmm-runtime.dir/rsi/logger.c.obj
 .text.print_status
                0x000000000000a5f0       0x64 CMakeFiles/rmm-runtime.dir/rsi/logger.c.obj
 .text.print_code
                0x000000000000a654       0x20 CMakeFiles/rmm-runtime.dir/rsi/logger.c.obj
 .text.print_entry
                0x000000000000a674      0x194 CMakeFiles/rmm-runtime.dir/rsi/logger.c.obj
 .text.rmm_log  0x000000000000a808       0x64 CMakeFiles/rmm-runtime.dir/rsi/logger.c.obj
 .text.rsi_log_on_exit
                0x000000000000a86c      0x134 CMakeFiles/rmm-runtime.dir/rsi/logger.c.obj
                0x000000000000a86c                rsi_log_on_exit
 .text.handle_rsi_ipa_state_set
                0x000000000000a9a0       0xf4 CMakeFiles/rmm-runtime.dir/rsi/memory.c.obj
                0x000000000000a9a0                handle_rsi_ipa_state_set
 .text.handle_rsi_ipa_state_get
                0x000000000000aa94       0x70 CMakeFiles/rmm-runtime.dir/rsi/memory.c.obj
                0x000000000000aa94                handle_rsi_ipa_state_get
 .text.psci_version
                0x000000000000ab04       0x14 CMakeFiles/rmm-runtime.dir/rsi/psci.c.obj
 .text.psci_reset_rec
                0x000000000000ab18       0x24 CMakeFiles/rmm-runtime.dir/rsi/psci.c.obj
 .text.psci_features
                0x000000000000ab3c       0x8c CMakeFiles/rmm-runtime.dir/rsi/psci.c.obj
 .text.complete_psci_cpu_on
                0x000000000000abc8       0x8c CMakeFiles/rmm-runtime.dir/rsi/psci.c.obj
 .text.complete_psci_affinity_info
                0x000000000000ac54       0x30 CMakeFiles/rmm-runtime.dir/rsi/psci.c.obj
 .text.forward_args_to_host
                0x000000000000ac84       0x7c CMakeFiles/rmm-runtime.dir/rsi/psci.c.obj
 .text.psci_cpu_suspend
                0x000000000000ad00       0x30 CMakeFiles/rmm-runtime.dir/rsi/psci.c.obj
 .text.psci_cpu_off
                0x000000000000ad30       0x34 CMakeFiles/rmm-runtime.dir/rsi/psci.c.obj
 .text.rd_map_read_rec_count
                0x000000000000ad64       0x4c CMakeFiles/rmm-runtime.dir/rsi/psci.c.obj
 .text.psci_cpu_on
                0x000000000000adb0       0xd4 CMakeFiles/rmm-runtime.dir/rsi/psci.c.obj
 .text.psci_affinity_info
                0x000000000000ae84       0xc0 CMakeFiles/rmm-runtime.dir/rsi/psci.c.obj
 .text.system_off_reboot
                0x000000000000af44      0x250 CMakeFiles/rmm-runtime.dir/rsi/psci.c.obj
 .text.psci_system_off_reset
                0x000000000000b194       0x40 CMakeFiles/rmm-runtime.dir/rsi/psci.c.obj
 .text.handle_psci
                0x000000000000b1d4      0x144 CMakeFiles/rmm-runtime.dir/rsi/psci.c.obj
                0x000000000000b1d4                handle_psci
 .text.psci_complete_request
                0x000000000000b318      0x178 CMakeFiles/rmm-runtime.dir/rsi/psci.c.obj
                0x000000000000b318                psci_complete_request
 .text.realm_ipa_to_pa
                0x000000000000b490      0x3a0 CMakeFiles/rmm-runtime.dir/rsi/realm_ipa_helper.c.obj
                0x000000000000b490                realm_ipa_to_pa
 .text.realm_ipa_get_ripas
                0x000000000000b830      0x37c CMakeFiles/rmm-runtime.dir/rsi/realm_ipa_helper.c.obj
                0x000000000000b830                realm_ipa_get_ripas
 .text.get_rpv  0x000000000000bbac       0x14 CMakeFiles/rmm-runtime.dir/rsi/realm_attest.c.obj
 .text.check_pending_irq
                0x000000000000bbc0       0x10 CMakeFiles/rmm-runtime.dir/rsi/realm_attest.c.obj
 .text.rmm_log  0x000000000000bbd0       0x64 CMakeFiles/rmm-runtime.dir/rsi/realm_attest.c.obj
 .text.attest_token_continue_sign_state
                0x000000000000bc34       0x68 CMakeFiles/rmm-runtime.dir/rsi/realm_attest.c.obj
 .text.attest_token_continue_write_state
                0x000000000000bc9c      0x330 CMakeFiles/rmm-runtime.dir/rsi/realm_attest.c.obj
 .text.handle_rsi_attest_token_init
                0x000000000000bfcc      0x344 CMakeFiles/rmm-runtime.dir/rsi/realm_attest.c.obj
                0x000000000000bfcc                handle_rsi_attest_token_init
 .text.handle_rsi_attest_token_continue
                0x000000000000c310      0x15c CMakeFiles/rmm-runtime.dir/rsi/realm_attest.c.obj
                0x000000000000c310                handle_rsi_attest_token_continue
 .text.handle_rsi_measurement_extend
                0x000000000000c46c      0x298 CMakeFiles/rmm-runtime.dir/rsi/realm_attest.c.obj
                0x000000000000c46c                handle_rsi_measurement_extend
 .text.handle_rsi_measurement_read
                0x000000000000c704      0x38c CMakeFiles/rmm-runtime.dir/rsi/realm_attest.c.obj
                0x000000000000c704                handle_rsi_measurement_read
 .text.handle_rsi_version
                0x000000000000ca90       0x38 CMakeFiles/rmm-runtime.dir/rsi/system.c.obj
                0x000000000000ca90                handle_rsi_version
 .text.rmm_log  0x000000000000cac8       0x64 ../lib/libc/librmm-lib-libc.a(assert.c.obj)
 .text.__assert_func
                0x000000000000cb2c       0x30 ../lib/libc/librmm-lib-libc.a(assert.c.obj)
                0x000000000000cb2c                __assert_func
 .text.memcpy   0x000000000000cb5c       0x28 ../lib/libc/librmm-lib-libc.a(memcpy.c.obj)
                0x000000000000cb5c                memcpy
 .text._out_buffer
                0x000000000000cb84       0x18 ../lib/libc/librmm-lib-libc.a(printf.c.obj)
 .text._out_null
                0x000000000000cb9c        0x8 ../lib/libc/librmm-lib-libc.a(printf.c.obj)
 .text._atoi    0x000000000000cba4       0x40 ../lib/libc/librmm-lib-libc.a(printf.c.obj)
 .text._out_rev
                0x000000000000cbe4       0xdc ../lib/libc/librmm-lib-libc.a(printf.c.obj)
 .text._ntoa_format
                0x000000000000ccc0      0x18c ../lib/libc/librmm-lib-libc.a(printf.c.obj)
 .text._ntoa_long
                0x000000000000ce4c       0xd8 ../lib/libc/librmm-lib-libc.a(printf.c.obj)
 .text._ntoa_long_long
                0x000000000000cf24       0xd8 ../lib/libc/librmm-lib-libc.a(printf.c.obj)
 .text._vsnprintf
                0x000000000000cffc      0xbd4 ../lib/libc/librmm-lib-libc.a(printf.c.obj)
 .text._out_char
                0x000000000000dbd0       0x24 ../lib/libc/librmm-lib-libc.a(printf.c.obj)
 .text.snprintf_
                0x000000000000dbf4       0x70 ../lib/libc/librmm-lib-libc.a(printf.c.obj)
                0x000000000000dbf4                snprintf_
 .text.vprintf_
                0x000000000000dc64       0x4c ../lib/libc/librmm-lib-libc.a(printf.c.obj)
                0x000000000000dc64                vprintf_
 .text.asm.memset
                0x000000000000dcb0       0x90 ../lib/libc/librmm-lib-libc.a(memset.S.obj)
                0x000000000000dcb0                memset
 .text.rmm_log  0x000000000000dd40       0x64 ../plat/qemu/librmm-qemu.a(qemu_setup.c.obj)
 .text.plat_warmboot_setup
                0x000000000000dda4       0x1c ../plat/qemu/librmm-qemu.a(qemu_setup.c.obj)
                0x000000000000dda4                plat_warmboot_setup
 .text.plat_setup
                0x000000000000ddc0      0x130 ../plat/qemu/librmm-qemu.a(qemu_setup.c.obj)
                0x000000000000ddc0                plat_setup
 .text.qemu_set_dram_layout
                0x000000000000def0       0x70 ../plat/qemu/librmm-qemu.a(qemu_memory.c.obj)
                0x000000000000def0                qemu_set_dram_layout
 .text.qemu_get_dram_layout
                0x000000000000df60       0x10 ../plat/qemu/librmm-qemu.a(qemu_granule.c.obj)
                0x000000000000df60                qemu_get_dram_layout
 .text.plat_granule_addr_to_idx
                0x000000000000df70       0x50 ../plat/qemu/librmm-qemu.a(qemu_granule.c.obj)
                0x000000000000df70                plat_granule_addr_to_idx
 .text.plat_granule_idx_to_addr
                0x000000000000dfc0       0x50 ../plat/qemu/librmm-qemu.a(qemu_granule.c.obj)
                0x000000000000dfc0                plat_granule_idx_to_addr
 .text.rmm_log  0x000000000000e010       0x64 ../lib/realm/librmm-lib-realm.a(buffer.c.obj)
 .text.slot_to_va
                0x000000000000e074       0x40 ../lib/realm/librmm-lib-realm.a(buffer.c.obj)
                0x000000000000e074                slot_to_va
 .text.get_cached_llt_info
                0x000000000000e0b4       0x24 ../lib/realm/librmm-lib-realm.a(buffer.c.obj)
                0x000000000000e0b4                get_cached_llt_info
 .text.slot_to_descriptor
                0x000000000000e0d8       0x60 ../lib/realm/librmm-lib-realm.a(buffer.c.obj)
 .text.slot_buf_finish_warmboot_init
                0x000000000000e138       0x98 ../lib/realm/librmm-lib-realm.a(buffer.c.obj)
                0x000000000000e138                slot_buf_finish_warmboot_init
 .text.check_cpu_slots_empty
                0x000000000000e1d0       0x44 ../lib/realm/librmm-lib-realm.a(buffer.c.obj)
                0x000000000000e1d0                check_cpu_slots_empty
 .text.buffer_map_internal
                0x000000000000e214       0x80 ../lib/realm/librmm-lib-realm.a(buffer.c.obj)
                0x000000000000e214                buffer_map_internal
 .text.granule_map
                0x000000000000e294       0x50 ../lib/realm/librmm-lib-realm.a(buffer.c.obj)
                0x000000000000e294                granule_map
 .text.ns_granule_map
                0x000000000000e2e4       0x4c ../lib/realm/librmm-lib-realm.a(buffer.c.obj)
 .text.buffer_unmap_internal
                0x000000000000e330       0x44 ../lib/realm/librmm-lib-realm.a(buffer.c.obj)
                0x000000000000e330                buffer_unmap_internal
 .text.buffer_unmap
                0x000000000000e374       0x14 ../lib/realm/librmm-lib-realm.a(buffer.c.obj)
                0x000000000000e374                buffer_unmap
 .text.ns_buffer_read
                0x000000000000e388      0x164 ../lib/realm/librmm-lib-realm.a(buffer.c.obj)
                0x000000000000e388                ns_buffer_read
 .text.ns_buffer_write
                0x000000000000e4ec      0x164 ../lib/realm/librmm-lib-realm.a(buffer.c.obj)
                0x000000000000e4ec                ns_buffer_write
 .text.sort_granules
                0x000000000000e650       0xd4 ../lib/realm/librmm-lib-realm.a(granule.c.obj)
 .text.granule_from_idx
                0x000000000000e724       0x44 ../lib/realm/librmm-lib-realm.a(granule.c.obj)
 .text.granule_addr
                0x000000000000e768       0x84 ../lib/realm/librmm-lib-realm.a(granule.c.obj)
                0x000000000000e768                granule_addr
 .text.addr_to_granule
                0x000000000000e7ec       0x40 ../lib/realm/librmm-lib-realm.a(granule.c.obj)
                0x000000000000e7ec                addr_to_granule
 .text.find_granule
                0x000000000000e82c       0x40 ../lib/realm/librmm-lib-realm.a(granule.c.obj)
                0x000000000000e82c                find_granule
 .text.find_lock_granule
                0x000000000000e86c      0x208 ../lib/realm/librmm-lib-realm.a(granule.c.obj)
                0x000000000000e86c                find_lock_granule
 .text.find_lock_granules
                0x000000000000ea74      0x23c ../lib/realm/librmm-lib-realm.a(granule.c.obj)
 .text.find_lock_two_granules
                0x000000000000ecb0       0x74 ../lib/realm/librmm-lib-realm.a(granule.c.obj)
                0x000000000000ecb0                find_lock_two_granules
 .text.granule_memzero
                0x000000000000ed24       0x74 ../lib/realm/librmm-lib-realm.a(granule.c.obj)
                0x000000000000ed24                granule_memzero
 .text.granule_memzero_mapped
                0x000000000000ed98       0x1c ../lib/realm/librmm-lib-realm.a(granule.c.obj)
                0x000000000000ed98                granule_memzero_mapped
 .text.aux_granules_map
                0x000000000000edb4       0xcc ../lib/realm/librmm-lib-realm.a(granule.c.obj)
                0x000000000000edb4                aux_granules_map
 .text.aux_granules_unmap
                0x000000000000ee80       0x8c ../lib/realm/librmm-lib-realm.a(granule.c.obj)
                0x000000000000ee80                aux_granules_unmap
 .text.stage2_tlbi_ipa
                0x000000000000ef0c       0x48 ../lib/realm/librmm-lib-realm.a(s2tt.c.obj)
 .text.s2tte_has_hipas
                0x000000000000ef54       0x24 ../lib/realm/librmm-lib-realm.a(s2tt.c.obj)
 .text.s2tte_has_unassigned_ripas
                0x000000000000ef78       0x40 ../lib/realm/librmm-lib-realm.a(s2tt.c.obj)
 .text.s2tte_has_assigned_ripas
                0x000000000000efb8       0x40 ../lib/realm/librmm-lib-realm.a(s2tt.c.obj)
 .text.s2tte_is_unassigned_empty
                0x000000000000eff8       0x3c ../lib/realm/librmm-lib-realm.a(s2tt.c.obj)
                0x000000000000eff8                s2tte_is_unassigned_empty
 .text.s2tte_is_unassigned_ram
                0x000000000000f034       0x18 ../lib/realm/librmm-lib-realm.a(s2tt.c.obj)
                0x000000000000f034                s2tte_is_unassigned_ram
 .text.s2tte_is_unassigned_ns
                0x000000000000f04c       0x3c ../lib/realm/librmm-lib-realm.a(s2tt.c.obj)
                0x000000000000f04c                s2tte_is_unassigned_ns
 .text.s2tte_is_unassigned_destroyed
                0x000000000000f088       0x18 ../lib/realm/librmm-lib-realm.a(s2tt.c.obj)
                0x000000000000f088                s2tte_is_unassigned_destroyed
 .text.s2tte_is_assigned_destroyed
                0x000000000000f0a0       0x18 ../lib/realm/librmm-lib-realm.a(s2tt.c.obj)
                0x000000000000f0a0                s2tte_is_assigned_destroyed
 .text.s2tte_is_assigned_empty
                0x000000000000f0b8       0x18 ../lib/realm/librmm-lib-realm.a(s2tt.c.obj)
                0x000000000000f0b8                s2tte_is_assigned_empty
 .text.s2tte_check
                0x000000000000f0d0       0x58 ../lib/realm/librmm-lib-realm.a(s2tt.c.obj)
 .text.s2tte_is_assigned_ram
                0x000000000000f128       0x18 ../lib/realm/librmm-lib-realm.a(s2tt.c.obj)
                0x000000000000f128                s2tte_is_assigned_ram
 .text.s2tte_is_assigned_ns
                0x000000000000f140       0x18 ../lib/realm/librmm-lib-realm.a(s2tt.c.obj)
                0x000000000000f140                s2tte_is_assigned_ns
 .text.s2tte_has_pa
                0x000000000000f158       0x5c ../lib/realm/librmm-lib-realm.a(s2tt.c.obj)
 .text.s2tte_is_live
                0x000000000000f1b4       0x14 ../lib/realm/librmm-lib-realm.a(s2tt.c.obj)
 .text.__table_is_uniform_block
                0x000000000000f1c8       0x48 ../lib/realm/librmm-lib-realm.a(s2tt.c.obj)
 .text.s2_sl_addr_to_idx
                0x000000000000f210       0x54 ../lib/realm/librmm-lib-realm.a(s2tt.c.obj)
 .text.addr_level_mask
                0x000000000000f264       0x54 ../lib/realm/librmm-lib-realm.a(s2tt.c.obj)
 .text.s2_addr_to_idx
                0x000000000000f2b8       0x4c ../lib/realm/librmm-lib-realm.a(s2tt.c.obj)
 .text.__table_get_entry
                0x000000000000f304       0x4c ../lib/realm/librmm-lib-realm.a(s2tt.c.obj)
 .text.__find_next_level_idx
                0x000000000000f350       0x30 ../lib/realm/librmm-lib-realm.a(s2tt.c.obj)
 .text.__find_lock_next_level
                0x000000000000f380       0xe0 ../lib/realm/librmm-lib-realm.a(s2tt.c.obj)
 .text.invalidate_page
                0x000000000000f460       0x18 ../lib/realm/librmm-lib-realm.a(s2tt.c.obj)
                0x000000000000f460                invalidate_page
 .text.invalidate_block
                0x000000000000f478       0x18 ../lib/realm/librmm-lib-realm.a(s2tt.c.obj)
                0x000000000000f478                invalidate_block
 .text.invalidate_pages_in_block
                0x000000000000f490       0x18 ../lib/realm/librmm-lib-realm.a(s2tt.c.obj)
                0x000000000000f490                invalidate_pages_in_block
 .text.rtt_walk_lock_unlock
                0x000000000000f4a8      0x50c ../lib/realm/librmm-lib-realm.a(s2tt.c.obj)
                0x000000000000f4a8                rtt_walk_lock_unlock
 .text.s2tte_create_unassigned_empty
                0x000000000000f9b4        0xc ../lib/realm/librmm-lib-realm.a(s2tt.c.obj)
                0x000000000000f9b4                s2tte_create_unassigned_empty
 .text.s2tte_create_unassigned_ram
                0x000000000000f9c0        0xc ../lib/realm/librmm-lib-realm.a(s2tt.c.obj)
                0x000000000000f9c0                s2tte_create_unassigned_ram
 .text.s2tte_create_unassigned_destroyed
                0x000000000000f9cc        0xc ../lib/realm/librmm-lib-realm.a(s2tt.c.obj)
                0x000000000000f9cc                s2tte_create_unassigned_destroyed
 .text.s2tte_create_unassigned_ns
                0x000000000000f9d8        0xc ../lib/realm/librmm-lib-realm.a(s2tt.c.obj)
                0x000000000000f9d8                s2tte_create_unassigned_ns
 .text.s2tte_create_assigned_ns
                0x000000000000f9e4       0x60 ../lib/realm/librmm-lib-realm.a(s2tt.c.obj)
                0x000000000000f9e4                s2tte_create_assigned_ns
 .text.host_ns_s2tte_is_valid
                0x000000000000fa44       0x60 ../lib/realm/librmm-lib-realm.a(s2tt.c.obj)
                0x000000000000fa44                host_ns_s2tte_is_valid
 .text.host_ns_s2tte
                0x000000000000faa4       0x28 ../lib/realm/librmm-lib-realm.a(s2tt.c.obj)
                0x000000000000faa4                host_ns_s2tte
 .text.s2tte_create_table
                0x000000000000facc       0x64 ../lib/realm/librmm-lib-realm.a(s2tt.c.obj)
                0x000000000000facc                s2tte_create_table
 .text.s2tte_is_unassigned
                0x000000000000fb30       0x18 ../lib/realm/librmm-lib-realm.a(s2tt.c.obj)
                0x000000000000fb30                s2tte_is_unassigned
 .text.s2tte_is_table
                0x000000000000fb48       0x30 ../lib/realm/librmm-lib-realm.a(s2tt.c.obj)
                0x000000000000fb48                s2tte_is_table
 .text.s2tte_has_ripas
                0x000000000000fb78       0x38 ../lib/realm/librmm-lib-realm.a(s2tt.c.obj)
                0x000000000000fb78                s2tte_has_ripas
 .text.s2tte_get_ripas
                0x000000000000fbb0       0x8c ../lib/realm/librmm-lib-realm.a(s2tt.c.obj)
                0x000000000000fbb0                s2tte_get_ripas
 .text.s2tt_init_unassigned_empty
                0x000000000000fc3c       0x40 ../lib/realm/librmm-lib-realm.a(s2tt.c.obj)
                0x000000000000fc3c                s2tt_init_unassigned_empty
 .text.s2tt_init_unassigned_ram
                0x000000000000fc7c       0x40 ../lib/realm/librmm-lib-realm.a(s2tt.c.obj)
                0x000000000000fc7c                s2tt_init_unassigned_ram
 .text.s2tt_init_unassigned_ns
                0x000000000000fcbc       0x40 ../lib/realm/librmm-lib-realm.a(s2tt.c.obj)
                0x000000000000fcbc                s2tt_init_unassigned_ns
 .text.s2tt_init_unassigned_destroyed
                0x000000000000fcfc       0x40 ../lib/realm/librmm-lib-realm.a(s2tt.c.obj)
                0x000000000000fcfc                s2tt_init_unassigned_destroyed
 .text.s2tte_map_size
                0x000000000000fd3c       0x50 ../lib/realm/librmm-lib-realm.a(s2tt.c.obj)
                0x000000000000fd3c                s2tte_map_size
 .text.s2tte_pa
                0x000000000000fd8c       0x7c ../lib/realm/librmm-lib-realm.a(s2tt.c.obj)
                0x000000000000fd8c                s2tte_pa
 .text.s2tte_pa_table
                0x000000000000fe08       0x4c ../lib/realm/librmm-lib-realm.a(s2tt.c.obj)
                0x000000000000fe08                s2tte_pa_table
 .text.addr_is_level_aligned
                0x000000000000fe54       0x20 ../lib/realm/librmm-lib-realm.a(s2tt.c.obj)
                0x000000000000fe54                addr_is_level_aligned
 .text.s2tte_create_assigned_destroyed
                0x000000000000fe74       0x70 ../lib/realm/librmm-lib-realm.a(s2tt.c.obj)
                0x000000000000fe74                s2tte_create_assigned_destroyed
 .text.s2tt_init_assigned_destroyed
                0x000000000000fee4       0x70 ../lib/realm/librmm-lib-realm.a(s2tt.c.obj)
                0x000000000000fee4                s2tt_init_assigned_destroyed
 .text.s2tte_create_assigned_empty
                0x000000000000ff54       0x6c ../lib/realm/librmm-lib-realm.a(s2tt.c.obj)
                0x000000000000ff54                s2tte_create_assigned_empty
 .text.s2tt_init_assigned_empty
                0x000000000000ffc0       0x70 ../lib/realm/librmm-lib-realm.a(s2tt.c.obj)
                0x000000000000ffc0                s2tt_init_assigned_empty
 .text.s2tte_create_assigned_ram
                0x0000000000010030       0x90 ../lib/realm/librmm-lib-realm.a(s2tt.c.obj)
                0x0000000000010030                s2tte_create_assigned_ram
 .text.s2tt_init_assigned_ram
                0x00000000000100c0       0x70 ../lib/realm/librmm-lib-realm.a(s2tt.c.obj)
                0x00000000000100c0                s2tt_init_assigned_ram
 .text.s2tte_create_assigned_unchanged
                0x0000000000010130       0xc8 ../lib/realm/librmm-lib-realm.a(s2tt.c.obj)
                0x0000000000010130                s2tte_create_assigned_unchanged
 .text.s2tt_init_assigned_ns
                0x00000000000101f8       0xb0 ../lib/realm/librmm-lib-realm.a(s2tt.c.obj)
                0x00000000000101f8                s2tt_init_assigned_ns
 .text.__table_maps_block
                0x00000000000102a8       0xf8 ../lib/realm/librmm-lib-realm.a(s2tt.c.obj)
 .text.table_is_unassigned_empty_block
                0x00000000000103a0       0x1c ../lib/realm/librmm-lib-realm.a(s2tt.c.obj)
                0x00000000000103a0                table_is_unassigned_empty_block
 .text.table_is_unassigned_ram_block
                0x00000000000103bc       0x1c ../lib/realm/librmm-lib-realm.a(s2tt.c.obj)
                0x00000000000103bc                table_is_unassigned_ram_block
 .text.table_is_unassigned_ns_block
                0x00000000000103d8       0x1c ../lib/realm/librmm-lib-realm.a(s2tt.c.obj)
                0x00000000000103d8                table_is_unassigned_ns_block
 .text.table_is_unassigned_destroyed_block
                0x00000000000103f4       0x1c ../lib/realm/librmm-lib-realm.a(s2tt.c.obj)
                0x00000000000103f4                table_is_unassigned_destroyed_block
 .text.table_maps_assigned_empty_block
                0x0000000000010410       0x20 ../lib/realm/librmm-lib-realm.a(s2tt.c.obj)
                0x0000000000010410                table_maps_assigned_empty_block
 .text.table_maps_assigned_ram_block
                0x0000000000010430       0x20 ../lib/realm/librmm-lib-realm.a(s2tt.c.obj)
                0x0000000000010430                table_maps_assigned_ram_block
 .text.table_maps_assigned_ns_block
                0x0000000000010450       0x20 ../lib/realm/librmm-lib-realm.a(s2tt.c.obj)
                0x0000000000010450                table_maps_assigned_ns_block
 .text.table_maps_assigned_destroyed_block
                0x0000000000010470       0x20 ../lib/realm/librmm-lib-realm.a(s2tt.c.obj)
                0x0000000000010470                table_maps_assigned_destroyed_block
 .text.skip_non_live_entries
                0x0000000000010490       0x98 ../lib/realm/librmm-lib-realm.a(s2tt.c.obj)
                0x0000000000010490                skip_non_live_entries
 .text.check_pending_timers
                0x0000000000010528       0xf0 ../lib/timers/librmm-lib-timers.a(timers.c.obj)
                0x0000000000010528                check_pending_timers
 .text.report_timer_state_to_ns
                0x0000000000010618       0x30 ../lib/timers/librmm-lib-timers.a(timers.c.obj)
                0x0000000000010618                report_timer_state_to_ns
 .text.uart_putc
                0x0000000000010648       0x30 ../drivers/pl011/librmm-driver-pl011.a(pl011.c.obj)
 .text.uart_init
                0x0000000000010678       0xbc ../drivers/pl011/librmm-driver-pl011.a(pl011.c.obj)
                0x0000000000010678                uart_init
 .text.putchar  0x0000000000010734       0x30 ../drivers/pl011/librmm-driver-pl011.a(pl011.c.obj)
                0x0000000000010734                putchar
 .text.rmm_log  0x0000000000010764       0x64 ../plat/common/librmm-plat-common.a(plat_common_init.c.obj)
 .text.plat_cmn_setup
                0x00000000000107c8      0x2ac ../plat/common/librmm-plat-common.a(plat_common_init.c.obj)
                0x00000000000107c8                plat_cmn_setup
 .text.plat_cmn_warmboot_setup
                0x0000000000010a74       0x74 ../plat/common/librmm-plat-common.a(plat_common_init.c.obj)
                0x0000000000010a74                plat_cmn_warmboot_setup
 .text.rmm_log  0x0000000000010ae8       0x64 ../lib/attestation/librmm-lib-attestation.a(attestation_token.c.obj)
 .text.attest_token_encode_start
                0x0000000000010b4c       0xf0 ../lib/attestation/librmm-lib-attestation.a(attestation_token.c.obj)
 .text.attest_get_hash_algo_text
                0x0000000000010c3c       0xa4 ../lib/attestation/librmm-lib-attestation.a(attestation_token.c.obj)
 .text.attest_realm_token_sign
                0x0000000000010ce0       0xd0 ../lib/attestation/librmm-lib-attestation.a(attestation_token.c.obj)
                0x0000000000010ce0                attest_realm_token_sign
 .text.attest_cca_token_create
                0x0000000000010db0      0x138 ../lib/attestation/librmm-lib-attestation.a(attestation_token.c.obj)
                0x0000000000010db0                attest_cca_token_create
 .text.attest_realm_token_create
                0x0000000000010ee8      0x338 ../lib/attestation/librmm-lib-attestation.a(attestation_token.c.obj)
                0x0000000000010ee8                attest_realm_token_create
 .text.attestation_init
                0x0000000000011220       0x88 ../lib/attestation/librmm-lib-attestation.a(attestation_utils.c.obj)
                0x0000000000011220                attestation_init
 .text.attestation_heap_ctx_init
                0x00000000000112a8       0x50 ../lib/attestation/librmm-lib-attestation.a(attestation_utils.c.obj)
                0x00000000000112a8                attestation_heap_ctx_init
 .text.attestation_heap_ctx_assign_pe
                0x00000000000112f8       0x4c ../lib/attestation/librmm-lib-attestation.a(attestation_utils.c.obj)
                0x00000000000112f8                attestation_heap_ctx_assign_pe
 .text.attestation_heap_ctx_unassign_pe
                0x0000000000011344       0x30 ../lib/attestation/librmm-lib-attestation.a(attestation_utils.c.obj)
                0x0000000000011344                attestation_heap_ctx_unassign_pe
 .text.attestation_heap_reinit_pe
                0x0000000000011374       0x18 ../lib/attestation/librmm-lib-attestation.a(attestation_utils.c.obj)
                0x0000000000011374                attestation_heap_reinit_pe
 .text.rmm_log  0x000000000001138c       0x64 ../lib/attestation/librmm-lib-attestation.a(attestation_key.c.obj)
 .text.attest_get_realm_public_key_hash
                0x00000000000113f0       0x4c ../lib/attestation/librmm-lib-attestation.a(attestation_key.c.obj)
 .text.attest_init_realm_attestation_key
                0x000000000001143c      0x1c4 ../lib/attestation/librmm-lib-attestation.a(attestation_key.c.obj)
                0x000000000001143c                attest_init_realm_attestation_key
 .text.attest_get_realm_signing_key
                0x0000000000011600       0x44 ../lib/attestation/librmm-lib-attestation.a(attestation_key.c.obj)
                0x0000000000011600                attest_get_realm_signing_key
 .text.attest_get_realm_public_key
                0x0000000000011644       0x50 ../lib/attestation/librmm-lib-attestation.a(attestation_key.c.obj)
                0x0000000000011644                attest_get_realm_public_key
 .text.attest_setup_platform_token
                0x0000000000011694       0xb0 ../lib/attestation/librmm-lib-attestation.a(attestation_key.c.obj)
                0x0000000000011694                attest_setup_platform_token
 .text.attest_get_platform_token
                0x0000000000011744       0x84 ../lib/attestation/librmm-lib-attestation.a(attestation_key.c.obj)
                0x0000000000011744                attest_get_platform_token
 .text.attest_get_realm_public_key_hash_algo_id
                0x00000000000117c8        0xc ../lib/attestation/librmm-lib-attestation.a(attestation_key.c.obj)
                0x00000000000117c8                attest_get_realm_public_key_hash_algo_id
 .text.get_random_seed
                0x00000000000117d4       0x98 ../lib/attestation/librmm-lib-attestation.a(attestation_rnd.c.obj)
 .text.mbedtls_psa_external_get_random
                0x000000000001186c       0x78 ../lib/attestation/librmm-lib-attestation.a(attestation_rnd.c.obj)
                0x000000000001186c                mbedtls_psa_external_get_random
 .text.attest_rnd_prng_init
                0x00000000000118e4      0x134 ../lib/attestation/librmm-lib-attestation.a(attestation_rnd.c.obj)
                0x00000000000118e4                attest_rnd_prng_init
 .text.verify_header
                0x0000000000011a18       0x94 ../lib/allocator/librmm-lib-allocator.a(memory_alloc.c.obj)
 .text.verify_chain
                0x0000000000011aac       0x8c ../lib/allocator/librmm-lib-allocator.a(memory_alloc.c.obj)
 .text.rmm_log  0x0000000000011b38       0x64 ../lib/allocator/librmm-lib-allocator.a(memory_alloc.c.obj)
 .text.buffer_alloc_calloc_with_heap
                0x0000000000011b9c      0x254 ../lib/allocator/librmm-lib-allocator.a(memory_alloc.c.obj)
 .text.buffer_alloc_free_with_heap
                0x0000000000011df0      0x248 ../lib/allocator/librmm-lib-allocator.a(memory_alloc.c.obj)
 .text.buffer_alloc_calloc
                0x0000000000012038       0x90 ../lib/allocator/librmm-lib-allocator.a(memory_alloc.c.obj)
                0x0000000000012038                buffer_alloc_calloc
 .text.buffer_alloc_free
                0x00000000000120c8       0x8c ../lib/allocator/librmm-lib-allocator.a(memory_alloc.c.obj)
                0x00000000000120c8                buffer_alloc_free
 .text.buffer_alloc_ctx_assign
                0x0000000000012154       0x70 ../lib/allocator/librmm-lib-allocator.a(memory_alloc.c.obj)
                0x0000000000012154                buffer_alloc_ctx_assign
 .text.buffer_alloc_ctx_unassign
                0x00000000000121c4       0x78 ../lib/allocator/librmm-lib-allocator.a(memory_alloc.c.obj)
                0x00000000000121c4                buffer_alloc_ctx_unassign
 .text.mbedtls_memory_buffer_alloc_init
                0x000000000001223c      0x110 ../lib/allocator/librmm-lib-allocator.a(memory_alloc.c.obj)
                0x000000000001223c                mbedtls_memory_buffer_alloc_init
 .text.rmm_el3_ifc_report_fail_to_el3
                0x000000000001234c       0x30 ../lib/rmm_el3_ifc/librmm-lib-rmm_el3_ifc.a(rmm_el3_ifc.c.obj)
                0x000000000001234c                rmm_el3_ifc_report_fail_to_el3
 .text.rmm_el3_ifc_init
                0x000000000001237c      0x16c ../lib/rmm_el3_ifc/librmm-lib-rmm_el3_ifc.a(rmm_el3_ifc.c.obj)
                0x000000000001237c                rmm_el3_ifc_init
 .text.rmm_el3_ifc_get_shared_buf_pa
                0x00000000000124e8       0x44 ../lib/rmm_el3_ifc/librmm-lib-rmm_el3_ifc.a(rmm_el3_ifc.c.obj)
                0x00000000000124e8                rmm_el3_ifc_get_shared_buf_pa
 .text.rmm_el3_ifc_get_version
                0x000000000001252c       0x44 ../lib/rmm_el3_ifc/librmm-lib-rmm_el3_ifc.a(rmm_el3_ifc.c.obj)
                0x000000000001252c                rmm_el3_ifc_get_version
 .text.rmm_log  0x0000000000012570       0x64 ../lib/rmm_el3_ifc/librmm-lib-rmm_el3_ifc.a(rmm_el3_ifc_manifest.c.obj)
 .text.rmm_el3_ifc_process_boot_manifest
                0x00000000000125d4       0xa8 ../lib/rmm_el3_ifc/librmm-lib-rmm_el3_ifc.a(rmm_el3_ifc_manifest.c.obj)
                0x00000000000125d4                rmm_el3_ifc_process_boot_manifest
 .text.rmm_el3_ifc_get_manifest_version
                0x000000000001267c       0x44 ../lib/rmm_el3_ifc/librmm-lib-rmm_el3_ifc.a(rmm_el3_ifc_manifest.c.obj)
                0x000000000001267c                rmm_el3_ifc_get_manifest_version
 .text.rmm_el3_ifc_get_dram_data_validated_pa
                0x00000000000126c0      0x170 ../lib/rmm_el3_ifc/librmm-lib-rmm_el3_ifc.a(rmm_el3_ifc_manifest.c.obj)
                0x00000000000126c0                rmm_el3_ifc_get_dram_data_validated_pa
 .text.rmm_log  0x0000000000012830       0x64 ../lib/rmm_el3_ifc/librmm-lib-rmm_el3_ifc.a(rmm_el3_runtime.c.obj)
 .text.rmm_el3_ifc_get_shared_buf_locked
                0x0000000000012894       0x3c ../lib/rmm_el3_ifc/librmm-lib-rmm_el3_ifc.a(rmm_el3_runtime.c.obj)
                0x0000000000012894                rmm_el3_ifc_get_shared_buf_locked
 .text.rmm_el3_ifc_release_shared_buf
                0x00000000000128d0       0x14 ../lib/rmm_el3_ifc/librmm-lib-rmm_el3_ifc.a(rmm_el3_runtime.c.obj)
                0x00000000000128d0                rmm_el3_ifc_release_shared_buf
 .text.rmm_el3_ifc_get_realm_attest_key
                0x00000000000128e4       0xe8 ../lib/rmm_el3_ifc/librmm-lib-rmm_el3_ifc.a(rmm_el3_runtime.c.obj)
                0x00000000000128e4                rmm_el3_ifc_get_realm_attest_key
 .text.rmm_el3_ifc_get_platform_token
                0x00000000000129cc       0xe8 ../lib/rmm_el3_ifc/librmm-lib-rmm_el3_ifc.a(rmm_el3_runtime.c.obj)
                0x00000000000129cc                rmm_el3_ifc_get_platform_token
 .text.asm.rmm_el3_ifc_validate_cpuid
                0x0000000000012ab4       0x38 ../lib/rmm_el3_ifc/librmm-lib-rmm_el3_ifc.a(rmm_el3_ifc_helpers.S.obj)
                0x0000000000012ab4                rmm_el3_ifc_validate_cpuid
 .text.t_cose_sign_encode_start
                0x0000000000012aec       0xe0 ../lib/t_cose/libt_cose.a(t_cose_sign_sign.c.obj)
                0x0000000000012aec                t_cose_sign_encode_start
 .text.t_cose_sign_encode_finish
                0x0000000000012bcc      0x118 ../lib/t_cose/libt_cose.a(t_cose_sign_sign.c.obj)
                0x0000000000012bcc                t_cose_sign_encode_finish
 .text.t_cose_signature_sign_headers_restart_cb
                0x0000000000012ce4       0x90 ../lib/t_cose/libt_cose.a(t_cose_signature_sign_restart.c.obj)
 .text.t_cose_signature_sign_restart_cb
                0x0000000000012d74        0xc ../lib/t_cose/libt_cose.a(t_cose_signature_sign_restart.c.obj)
 .text.t_cose_signature_sign1_restart_cb
                0x0000000000012d80      0x110 ../lib/t_cose/libt_cose.a(t_cose_signature_sign_restart.c.obj)
 .text.t_cose_signature_sign_restart_init
                0x0000000000012e90       0x5c ../lib/t_cose/libt_cose.a(t_cose_signature_sign_restart.c.obj)
                0x0000000000012e90                t_cose_signature_sign_restart_init
 .text.hash_bstr
                0x0000000000012eec       0x60 ../lib/t_cose/libt_cose.a(t_cose_util.c.obj)
 .text.qcbor_encode_error_to_t_cose_error
                0x0000000000012f4c       0x3c ../lib/t_cose/libt_cose.a(t_cose_util.c.obj)
                0x0000000000012f4c                qcbor_encode_error_to_t_cose_error
 .text.t_cose_int16_map
                0x0000000000012f88       0x38 ../lib/t_cose/libt_cose.a(t_cose_util.c.obj)
                0x0000000000012f88                t_cose_int16_map
 .text.hash_alg_id_from_sig_alg_id
                0x0000000000012fc0       0x80 ../lib/t_cose/libt_cose.a(t_cose_util.c.obj)
                0x0000000000012fc0                hash_alg_id_from_sig_alg_id
 .text.create_tbs_hash
                0x0000000000013040      0x128 ../lib/t_cose/libt_cose.a(t_cose_util.c.obj)
                0x0000000000013040                create_tbs_hash
 .text.t_cose_link_rs
                0x0000000000013168       0x28 ../lib/t_cose/libt_cose.a(t_cose_util.c.obj)
                0x0000000000013168                t_cose_link_rs
 .text.cose_alg_id_to_psa_alg_id
                0x0000000000013190       0x90 ../lib/t_cose/libt_cose.a(t_cose_psa_crypto.c.obj)
 .text.cose_hash_alg_id_to_psa
                0x0000000000013220       0x44 ../lib/t_cose/libt_cose.a(t_cose_psa_crypto.c.obj)
 .text.psa_status_to_t_cose_error_signing
                0x0000000000013264       0x24 ../lib/t_cose/libt_cose.a(t_cose_psa_crypto.c.obj)
 .text.psa_status_to_t_cose_error_hash
                0x0000000000013288       0x24 ../lib/t_cose/libt_cose.a(t_cose_psa_crypto.c.obj)
 .text.t_cose_crypto_sign_restart
                0x00000000000132ac       0xe4 ../lib/t_cose/libt_cose.a(t_cose_psa_crypto.c.obj)
                0x00000000000132ac                t_cose_crypto_sign_restart
 .text.t_cose_crypto_sig_size
                0x0000000000013390      0x110 ../lib/t_cose/libt_cose.a(t_cose_psa_crypto.c.obj)
                0x0000000000013390                t_cose_crypto_sig_size
 .text.t_cose_crypto_hash_start
                0x00000000000134a0       0x84 ../lib/t_cose/libt_cose.a(t_cose_psa_crypto.c.obj)
                0x00000000000134a0                t_cose_crypto_hash_start
 .text.t_cose_crypto_hash_update
                0x0000000000013524       0x34 ../lib/t_cose/libt_cose.a(t_cose_psa_crypto.c.obj)
                0x0000000000013524                t_cose_crypto_hash_update
 .text.t_cose_crypto_hash_finish
                0x0000000000013558       0x5c ../lib/t_cose/libt_cose.a(t_cose_psa_crypto.c.obj)
                0x0000000000013558                t_cose_crypto_hash_finish
 .text.param_dup_detect_2
                0x00000000000135b4       0x34 ../lib/t_cose/libt_cose.a(t_cose_parameters.c.obj)
 .text.param_dup_detect
                0x00000000000135e8       0x48 ../lib/t_cose/libt_cose.a(t_cose_parameters.c.obj)
 .text.encode_crit_parameter
                0x0000000000013630       0x64 ../lib/t_cose/libt_cose.a(t_cose_parameters.c.obj)
 .text.t_cose_params_encode
                0x0000000000013694      0x18c ../lib/t_cose/libt_cose.a(t_cose_parameters.c.obj)
 .text.t_cose_headers_encode
                0x0000000000013820       0x7c ../lib/t_cose/libt_cose.a(t_cose_parameters.c.obj)
                0x0000000000013820                t_cose_headers_encode
 .text.QCBOREncode_Init
                0x000000000001389c       0x48 ../ext/qcbor/libqcbor.a(qcbor_encode.c.obj)
                0x000000000001389c                QCBOREncode_Init
 .text.QCBOREncode_EncodeHead
                0x00000000000138e4       0xf4 ../ext/qcbor/libqcbor.a(qcbor_encode.c.obj)
                0x00000000000138e4                QCBOREncode_EncodeHead
 .text.AppendCBORHead
                0x00000000000139d8       0x58 ../ext/qcbor/libqcbor.a(qcbor_encode.c.obj)
 .text.CheckDecreaseNesting
                0x0000000000013a30       0x5c ../ext/qcbor/libqcbor.a(qcbor_encode.c.obj)
                0x0000000000013a30                CheckDecreaseNesting
 .text.InsertCBORHead
                0x0000000000013a8c       0x98 ../ext/qcbor/libqcbor.a(qcbor_encode.c.obj)
 .text.QCBOREncode_AddInt64
                0x0000000000013b24       0x6c ../ext/qcbor/libqcbor.a(qcbor_encode.c.obj)
                0x0000000000013b24                QCBOREncode_AddInt64
 .text.QCBOREncode_AddBuffer
                0x0000000000013b90       0xb0 ../ext/qcbor/libqcbor.a(qcbor_encode.c.obj)
                0x0000000000013b90                QCBOREncode_AddBuffer
 .text.QCBOREncode_AddTag
                0x0000000000013c40       0x20 ../ext/qcbor/libqcbor.a(qcbor_encode.c.obj)
                0x0000000000013c40                QCBOREncode_AddTag
 .text.QCBOREncode_OpenMapOrArray
                0x0000000000013c60       0x98 ../ext/qcbor/libqcbor.a(qcbor_encode.c.obj)
                0x0000000000013c60                QCBOREncode_OpenMapOrArray
 .text.QCBOREncode_CloseMapOrArray
                0x0000000000013cf8       0x3c ../ext/qcbor/libqcbor.a(qcbor_encode.c.obj)
                0x0000000000013cf8                QCBOREncode_CloseMapOrArray
 .text.QCBOREncode_CloseBstrWrap2
                0x0000000000013d34       0xcc ../ext/qcbor/libqcbor.a(qcbor_encode.c.obj)
                0x0000000000013d34                QCBOREncode_CloseBstrWrap2
 .text.QCBOREncode_OpenBytes
                0x0000000000013e00       0x7c ../ext/qcbor/libqcbor.a(qcbor_encode.c.obj)
                0x0000000000013e00                QCBOREncode_OpenBytes
 .text.QCBOREncode_CloseBytes
                0x0000000000013e7c       0x40 ../ext/qcbor/libqcbor.a(qcbor_encode.c.obj)
                0x0000000000013e7c                QCBOREncode_CloseBytes
 .text.QCBOREncode_Finish
                0x0000000000013ebc       0x5c ../ext/qcbor/libqcbor.a(qcbor_encode.c.obj)
                0x0000000000013ebc                QCBOREncode_Finish
 .text.UsefulOutBuf_Init
                0x0000000000013f18       0x30 ../ext/qcbor/libqcbor.a(UsefulBuf.c.obj)
                0x0000000000013f18                UsefulOutBuf_Init
 .text.UsefulOutBuf_InsertUsefulBuf
                0x0000000000013f48       0xdc ../ext/qcbor/libqcbor.a(UsefulBuf.c.obj)
                0x0000000000013f48                UsefulOutBuf_InsertUsefulBuf
 .text.UsefulOutBuf_Advance
                0x0000000000014024       0x64 ../ext/qcbor/libqcbor.a(UsefulBuf.c.obj)
                0x0000000000014024                UsefulOutBuf_Advance
 .text.UsefulOutBuf_OutUBuf
                0x0000000000014088       0x5c ../ext/qcbor/libqcbor.a(UsefulBuf.c.obj)
                0x0000000000014088                UsefulOutBuf_OutUBuf
 .text.is_valid_vintid
                0x00000000000140e4       0x78 ../lib/gic/librmm-lib-gic.a(gic.c.obj)
 .text.read_lrs
                0x000000000001415c      0x12c ../lib/gic/librmm-lib-gic.a(gic.c.obj)
 .text.write_lrs
                0x0000000000014288      0x12c ../lib/gic/librmm-lib-gic.a(gic.c.obj)
 .text.read_aprs
                0x00000000000143b4       0x6c ../lib/gic/librmm-lib-gic.a(gic.c.obj)
 .text.write_aprs
                0x0000000000014420       0x6c ../lib/gic/librmm-lib-gic.a(gic.c.obj)
 .text.gic_get_virt_features
                0x000000000001448c       0xe0 ../lib/gic/librmm-lib-gic.a(gic.c.obj)
                0x000000000001448c                gic_get_virt_features
 .text.gic_cpu_state_init
                0x000000000001456c       0x28 ../lib/gic/librmm-lib-gic.a(gic.c.obj)
                0x000000000001456c                gic_cpu_state_init
 .text.gic_copy_state_from_rec_entry
                0x0000000000014594       0x60 ../lib/gic/librmm-lib-gic.a(gic.c.obj)
                0x0000000000014594                gic_copy_state_from_rec_entry
 .text.gic_copy_state_to_rec_exit
                0x00000000000145f4       0x60 ../lib/gic/librmm-lib-gic.a(gic.c.obj)
                0x00000000000145f4                gic_copy_state_to_rec_exit
 .text.gic_validate_state
                0x0000000000014654      0x120 ../lib/gic/librmm-lib-gic.a(gic.c.obj)
                0x0000000000014654                gic_validate_state
 .text.gic_restore_state
                0x0000000000014774       0x30 ../lib/gic/librmm-lib-gic.a(gic.c.obj)
                0x0000000000014774                gic_restore_state
 .text.gic_save_state
                0x00000000000147a4       0x40 ../lib/gic/librmm-lib-gic.a(gic.c.obj)
                0x00000000000147a4                gic_save_state
 .text.do_hash  0x00000000000147e4      0x1b8 ../lib/measurement/librmm-lib-measurement.a(measurement.c.obj)
 .text.do_extend
                0x000000000001499c      0x28c ../lib/measurement/librmm-lib-measurement.a(measurement.c.obj)
 .text.measurement_hash_compute
                0x0000000000014c28       0x14 ../lib/measurement/librmm-lib-measurement.a(measurement.c.obj)
                0x0000000000014c28                measurement_hash_compute
 .text.measurement_extend
                0x0000000000014c3c       0xe8 ../lib/measurement/librmm-lib-measurement.a(measurement.c.obj)
                0x0000000000014c3c                measurement_extend
 .text.measurement_data_granule_measure
                0x0000000000014d24       0xd4 ../lib/measurement/librmm-lib-measurement.a(rim.c.obj)
                0x0000000000014d24                measurement_data_granule_measure
 .text.measurement_realm_params_measure
                0x0000000000014df8       0xa0 ../lib/measurement/librmm-lib-measurement.a(rim.c.obj)
                0x0000000000014df8                measurement_realm_params_measure
 .text.measurement_rec_params_measure
                0x0000000000014e98      0x10c ../lib/measurement/librmm-lib-measurement.a(rim.c.obj)
                0x0000000000014e98                measurement_rec_params_measure
 .text.measurement_init_ripas_measure
                0x0000000000014fa4       0xb0 ../lib/measurement/librmm-lib-measurement.a(rim.c.obj)
                0x0000000000014fa4                measurement_init_ripas_measure
 .text.mbedtls_hmac_drbg_init
                0x0000000000015054       0x34 ../ext/mbedtls/library/libmbedcrypto.a(hmac_drbg.c.obj)
                0x0000000000015054                mbedtls_hmac_drbg_init
 .text.mbedtls_hmac_drbg_update
                0x0000000000015088      0x1fc ../ext/mbedtls/library/libmbedcrypto.a(hmac_drbg.c.obj)
                0x0000000000015088                mbedtls_hmac_drbg_update
 .text.mbedtls_hmac_drbg_seed_buf
                0x0000000000015284       0xf0 ../ext/mbedtls/library/libmbedcrypto.a(hmac_drbg.c.obj)
                0x0000000000015284                mbedtls_hmac_drbg_seed_buf
 .text.hmac_drbg_reseed_core
                0x0000000000015374      0x1f4 ../ext/mbedtls/library/libmbedcrypto.a(hmac_drbg.c.obj)
 .text.mbedtls_hmac_drbg_reseed
                0x0000000000015568       0x30 ../ext/mbedtls/library/libmbedcrypto.a(hmac_drbg.c.obj)
                0x0000000000015568                mbedtls_hmac_drbg_reseed
 .text.mbedtls_hmac_drbg_random_with_add
                0x0000000000015598      0x24c ../ext/mbedtls/library/libmbedcrypto.a(hmac_drbg.c.obj)
                0x0000000000015598                mbedtls_hmac_drbg_random_with_add
 .text.mbedtls_hmac_drbg_random
                0x00000000000157e4       0x4c ../ext/mbedtls/library/libmbedcrypto.a(hmac_drbg.c.obj)
                0x00000000000157e4                mbedtls_hmac_drbg_random
 .text.mbedtls_hmac_drbg_free
                0x0000000000015830       0x48 ../ext/mbedtls/library/libmbedcrypto.a(hmac_drbg.c.obj)
                0x0000000000015830                mbedtls_hmac_drbg_free
 .text.mbedtls_md_info_from_type
                0x0000000000015878       0x94 ../ext/mbedtls/library/libmbedcrypto.a(md.c.obj)
                0x0000000000015878                mbedtls_md_info_from_type
 .text.mbedtls_md_free
                0x000000000001590c      0x128 ../ext/mbedtls/library/libmbedcrypto.a(md.c.obj)
                0x000000000001590c                mbedtls_md_free
 .text.mbedtls_md_setup
                0x0000000000015a34      0x1f0 ../ext/mbedtls/library/libmbedcrypto.a(md.c.obj)
                0x0000000000015a34                mbedtls_md_setup
 .text.mbedtls_md_starts
                0x0000000000015c24       0xcc ../ext/mbedtls/library/libmbedcrypto.a(md.c.obj)
                0x0000000000015c24                mbedtls_md_starts
 .text.mbedtls_md_update
                0x0000000000015cf0       0xe4 ../ext/mbedtls/library/libmbedcrypto.a(md.c.obj)
                0x0000000000015cf0                mbedtls_md_update
 .text.mbedtls_md_finish
                0x0000000000015dd4       0xd0 ../ext/mbedtls/library/libmbedcrypto.a(md.c.obj)
                0x0000000000015dd4                mbedtls_md_finish
 .text.mbedtls_md_get_size
                0x0000000000015ea4       0x30 ../ext/mbedtls/library/libmbedcrypto.a(md.c.obj)
                0x0000000000015ea4                mbedtls_md_get_size
 .text.mbedtls_md_hmac_starts
                0x0000000000015ed4      0x1f0 ../ext/mbedtls/library/libmbedcrypto.a(md.c.obj)
                0x0000000000015ed4                mbedtls_md_hmac_starts
 .text.mbedtls_md_hmac_update
                0x00000000000160c4       0x60 ../ext/mbedtls/library/libmbedcrypto.a(md.c.obj)
                0x00000000000160c4                mbedtls_md_hmac_update
 .text.mbedtls_md_hmac_finish
                0x0000000000016124      0x13c ../ext/mbedtls/library/libmbedcrypto.a(md.c.obj)
                0x0000000000016124                mbedtls_md_hmac_finish
 .text.mbedtls_md_hmac_reset
                0x0000000000016260       0x9c ../ext/mbedtls/library/libmbedcrypto.a(md.c.obj)
                0x0000000000016260                mbedtls_md_hmac_reset
 .text.mbedtls_get_unaligned_uint32
                0x00000000000162fc       0x28 ../ext/mbedtls/library/libmbedcrypto.a(platform_util.c.obj)
                0x00000000000162fc                mbedtls_get_unaligned_uint32
 .text.mbedtls_put_unaligned_uint32
                0x0000000000016324       0x30 ../ext/mbedtls/library/libmbedcrypto.a(platform_util.c.obj)
                0x0000000000016324                mbedtls_put_unaligned_uint32
 .text.mbedtls_get_unaligned_uint64
                0x0000000000016354       0x28 ../ext/mbedtls/library/libmbedcrypto.a(platform_util.c.obj)
                0x0000000000016354                mbedtls_get_unaligned_uint64
 .text.mbedtls_put_unaligned_uint64
                0x000000000001637c       0x30 ../ext/mbedtls/library/libmbedcrypto.a(platform_util.c.obj)
                0x000000000001637c                mbedtls_put_unaligned_uint64
 .text.mbedtls_xor
                0x00000000000163ac       0xe8 ../ext/mbedtls/library/libmbedcrypto.a(platform_util.c.obj)
                0x00000000000163ac                mbedtls_xor
 .text.mbedtls_platform_zeroize
                0x0000000000016494       0x44 ../ext/mbedtls/library/libmbedcrypto.a(platform_util.c.obj)
                0x0000000000016494                mbedtls_platform_zeroize
 .text.psa_get_key_id
                0x00000000000164d8       0x18 ../ext/mbedtls/library/libmbedcrypto.a(psa_crypto.c.obj)
 .text.psa_get_key_lifetime
                0x00000000000164f0       0x18 ../ext/mbedtls/library/libmbedcrypto.a(psa_crypto.c.obj)
 .text.psa_get_key_bits
                0x0000000000016508       0x1c ../ext/mbedtls/library/libmbedcrypto.a(psa_crypto.c.obj)
 .text.psa_key_lifetime_is_external
                0x0000000000016524       0x24 ../ext/mbedtls/library/libmbedcrypto.a(psa_crypto.c.obj)
 .text.key_type_is_raw_bytes
                0x0000000000016548       0x40 ../ext/mbedtls/library/libmbedcrypto.a(psa_crypto.c.obj)
 .text.mbedtls_to_psa_error
                0x0000000000016588      0x770 ../ext/mbedtls/library/libmbedcrypto.a(psa_crypto.c.obj)
                0x0000000000016588                mbedtls_to_psa_error
 .text.psa_wipe_tag_output_buffer
                0x0000000000016cf8       0x74 ../ext/mbedtls/library/libmbedcrypto.a(psa_crypto.c.obj)
 .text.mbedtls_ecc_group_of_psa
                0x0000000000016d6c       0x7c ../ext/mbedtls/library/libmbedcrypto.a(psa_crypto.c.obj)
                0x0000000000016d6c                mbedtls_ecc_group_of_psa
 .text.psa_validate_unstructured_key_bit_size
                0x0000000000016de8       0xa4 ../ext/mbedtls/library/libmbedcrypto.a(psa_crypto.c.obj)
                0x0000000000016de8                psa_validate_unstructured_key_bit_size
 .text.psa_mac_key_can_do
                0x0000000000016e8c       0xa4 ../ext/mbedtls/library/libmbedcrypto.a(psa_crypto.c.obj)
 .text.psa_allocate_buffer_to_slot
                0x0000000000016f30       0x70 ../ext/mbedtls/library/libmbedcrypto.a(psa_crypto.c.obj)
                0x0000000000016f30                psa_allocate_buffer_to_slot
 .text.psa_import_key_into_slot
                0x0000000000016fa0      0x11c ../ext/mbedtls/library/libmbedcrypto.a(psa_crypto.c.obj)
                0x0000000000016fa0                psa_import_key_into_slot
 .text.psa_key_algorithm_permits
                0x00000000000170bc      0x820 ../ext/mbedtls/library/libmbedcrypto.a(psa_crypto.c.obj)
 .text.psa_key_policy_permits
                0x00000000000178dc      0x268 ../ext/mbedtls/library/libmbedcrypto.a(psa_crypto.c.obj)
 .text.psa_get_and_lock_key_slot_with_policy
                0x0000000000017b44      0x100 ../ext/mbedtls/library/libmbedcrypto.a(psa_crypto.c.obj)
 .text.psa_remove_key_data_from_memory
                0x0000000000017c44       0x60 ../ext/mbedtls/library/libmbedcrypto.a(psa_crypto.c.obj)
                0x0000000000017c44                psa_remove_key_data_from_memory
 .text.psa_wipe_key_slot
                0x0000000000017ca4       0x4c ../ext/mbedtls/library/libmbedcrypto.a(psa_crypto.c.obj)
                0x0000000000017ca4                psa_wipe_key_slot
 .text.psa_get_key_attributes
                0x0000000000017cf0       0xdc ../ext/mbedtls/library/libmbedcrypto.a(psa_crypto.c.obj)
                0x0000000000017cf0                psa_get_key_attributes
 .text.psa_export_key_buffer_internal
                0x0000000000017dcc       0x84 ../ext/mbedtls/library/libmbedcrypto.a(psa_crypto.c.obj)
 .text.psa_export_public_key_internal
                0x0000000000017e50       0xcc ../ext/mbedtls/library/libmbedcrypto.a(psa_crypto.c.obj)
                0x0000000000017e50                psa_export_public_key_internal
 .text.psa_export_public_key
                0x0000000000017f1c      0x118 ../ext/mbedtls/library/libmbedcrypto.a(psa_crypto.c.obj)
                0x0000000000017f1c                psa_export_public_key
 .text.psa_validate_key_policy
                0x0000000000018034       0x38 ../ext/mbedtls/library/libmbedcrypto.a(psa_crypto.c.obj)
 .text.psa_validate_key_attributes
                0x000000000001806c      0x124 ../ext/mbedtls/library/libmbedcrypto.a(psa_crypto.c.obj)
 .text.psa_start_key_creation
                0x0000000000018190       0xe0 ../ext/mbedtls/library/libmbedcrypto.a(psa_crypto.c.obj)
 .text.psa_finish_key_creation
                0x0000000000018270       0x60 ../ext/mbedtls/library/libmbedcrypto.a(psa_crypto.c.obj)
 .text.psa_fail_key_creation
                0x00000000000182d0       0x34 ../ext/mbedtls/library/libmbedcrypto.a(psa_crypto.c.obj)
 .text.psa_validate_optional_attributes
                0x0000000000018304       0x94 ../ext/mbedtls/library/libmbedcrypto.a(psa_crypto.c.obj)
 .text.psa_import_key
                0x0000000000018398      0x22c ../ext/mbedtls/library/libmbedcrypto.a(psa_crypto.c.obj)
                0x0000000000018398                psa_import_key
 .text.psa_hash_abort
                0x00000000000185c4       0x44 ../ext/mbedtls/library/libmbedcrypto.a(psa_crypto.c.obj)
                0x00000000000185c4                psa_hash_abort
 .text.psa_hash_setup
                0x0000000000018608       0x98 ../ext/mbedtls/library/libmbedcrypto.a(psa_crypto.c.obj)
                0x0000000000018608                psa_hash_setup
 .text.psa_hash_update
                0x00000000000186a0       0x80 ../ext/mbedtls/library/libmbedcrypto.a(psa_crypto.c.obj)
                0x00000000000186a0                psa_hash_update
 .text.psa_hash_finish
                0x0000000000018720       0x64 ../ext/mbedtls/library/libmbedcrypto.a(psa_crypto.c.obj)
                0x0000000000018720                psa_hash_finish
 .text.psa_hash_compute
                0x0000000000018784       0x68 ../ext/mbedtls/library/libmbedcrypto.a(psa_crypto.c.obj)
                0x0000000000018784                psa_hash_compute
 .text.psa_sign_verify_check_alg
                0x00000000000187ec      0x294 ../ext/mbedtls/library/libmbedcrypto.a(psa_crypto.c.obj)
 .text.psa_interruptible_set_max_ops
                0x0000000000018a80       0x28 ../ext/mbedtls/library/libmbedcrypto.a(psa_crypto.c.obj)
                0x0000000000018a80                psa_interruptible_set_max_ops
 .text.psa_interruptible_get_max_ops
                0x0000000000018aa8       0x14 ../ext/mbedtls/library/libmbedcrypto.a(psa_crypto.c.obj)
                0x0000000000018aa8                psa_interruptible_get_max_ops
 .text.psa_sign_hash_abort_internal
                0x0000000000018abc       0x4c ../ext/mbedtls/library/libmbedcrypto.a(psa_crypto.c.obj)
 .text.psa_sign_hash_start
                0x0000000000018b08      0x1bc ../ext/mbedtls/library/libmbedcrypto.a(psa_crypto.c.obj)
                0x0000000000018b08                psa_sign_hash_start
 .text.psa_sign_hash_complete
                0x0000000000018cc4       0xf8 ../ext/mbedtls/library/libmbedcrypto.a(psa_crypto.c.obj)
                0x0000000000018cc4                psa_sign_hash_complete
 .text.mbedtls_psa_interruptible_set_max_ops
                0x0000000000018dbc       0x34 ../ext/mbedtls/library/libmbedcrypto.a(psa_crypto.c.obj)
                0x0000000000018dbc                mbedtls_psa_interruptible_set_max_ops
 .text.mbedtls_psa_sign_hash_get_num_ops
                0x0000000000018df0       0x1c ../ext/mbedtls/library/libmbedcrypto.a(psa_crypto.c.obj)
                0x0000000000018df0                mbedtls_psa_sign_hash_get_num_ops
 .text.mbedtls_psa_sign_hash_start
                0x0000000000018e0c      0x218 ../ext/mbedtls/library/libmbedcrypto.a(psa_crypto.c.obj)
                0x0000000000018e0c                mbedtls_psa_sign_hash_start
 .text.mbedtls_psa_sign_hash_complete
                0x0000000000019024      0x218 ../ext/mbedtls/library/libmbedcrypto.a(psa_crypto.c.obj)
                0x0000000000019024                mbedtls_psa_sign_hash_complete
 .text.mbedtls_psa_sign_hash_abort
                0x000000000001923c       0x5c ../ext/mbedtls/library/libmbedcrypto.a(psa_crypto.c.obj)
                0x000000000001923c                mbedtls_psa_sign_hash_abort
 .text.mbedtls_psa_random_init
                0x0000000000019298       0x28 ../ext/mbedtls/library/libmbedcrypto.a(psa_crypto.c.obj)
 .text.mbedtls_psa_random_free
                0x00000000000192c0       0x28 ../ext/mbedtls/library/libmbedcrypto.a(psa_crypto.c.obj)
 .text.mbedtls_psa_random_seed
                0x00000000000192e8       0x18 ../ext/mbedtls/library/libmbedcrypto.a(psa_crypto.c.obj)
 .text.psa_generate_random
                0x0000000000019300       0x90 ../ext/mbedtls/library/libmbedcrypto.a(psa_crypto.c.obj)
                0x0000000000019300                psa_generate_random
 .text.mbedtls_psa_get_random
                0x0000000000019390       0x44 ../ext/mbedtls/library/libmbedcrypto.a(psa_crypto.c.obj)
                0x0000000000019390                mbedtls_psa_get_random
 .text.mbedtls_psa_crypto_free
                0x00000000000193d4       0x54 ../ext/mbedtls/library/libmbedcrypto.a(psa_crypto.c.obj)
                0x00000000000193d4                mbedtls_psa_crypto_free
 .text.psa_crypto_init
                0x0000000000019428      0x108 ../ext/mbedtls/library/libmbedcrypto.a(psa_crypto.c.obj)
                0x0000000000019428                psa_crypto_init
 .text.psa_reset_key_attributes
                0x0000000000019530       0x34 ../ext/mbedtls/library/libmbedcrypto.a(psa_crypto_client.c.obj)
                0x0000000000019530                psa_reset_key_attributes
 .text.psa_set_key_domain_parameters
                0x0000000000019564       0xb8 ../ext/mbedtls/library/libmbedcrypto.a(psa_crypto_client.c.obj)
                0x0000000000019564                psa_set_key_domain_parameters
 .text.psa_get_key_lifetime
                0x000000000001961c       0x18 ../ext/mbedtls/library/libmbedcrypto.a(psa_crypto_driver_wrappers.c.obj)
 .text.psa_driver_wrapper_init
                0x0000000000019634       0x1c ../ext/mbedtls/library/libmbedcrypto.a(psa_crypto_driver_wrappers.c.obj)
                0x0000000000019634                psa_driver_wrapper_init
 .text.psa_driver_wrapper_free
                0x0000000000019650        0xc ../ext/mbedtls/library/libmbedcrypto.a(psa_crypto_driver_wrappers.c.obj)
                0x0000000000019650                psa_driver_wrapper_free
 .text.psa_driver_wrapper_sign_hash_get_num_ops
                0x000000000001965c       0x4c ../ext/mbedtls/library/libmbedcrypto.a(psa_crypto_driver_wrappers.c.obj)
                0x000000000001965c                psa_driver_wrapper_sign_hash_get_num_ops
 .text.psa_driver_wrapper_sign_hash_start
                0x00000000000196a8       0x88 ../ext/mbedtls/library/libmbedcrypto.a(psa_crypto_driver_wrappers.c.obj)
                0x00000000000196a8                psa_driver_wrapper_sign_hash_start
 .text.psa_driver_wrapper_sign_hash_complete
                0x0000000000019730       0x50 ../ext/mbedtls/library/libmbedcrypto.a(psa_crypto_driver_wrappers.c.obj)
                0x0000000000019730                psa_driver_wrapper_sign_hash_complete
 .text.psa_driver_wrapper_sign_hash_abort
                0x0000000000019780       0x38 ../ext/mbedtls/library/libmbedcrypto.a(psa_crypto_driver_wrappers.c.obj)
                0x0000000000019780                psa_driver_wrapper_sign_hash_abort
 .text.psa_driver_wrapper_get_key_buffer_size_from_key_data
                0x00000000000197b8       0x48 ../ext/mbedtls/library/libmbedcrypto.a(psa_crypto_driver_wrappers.c.obj)
                0x00000000000197b8                psa_driver_wrapper_get_key_buffer_size_from_key_data
 .text.psa_driver_wrapper_import_key
                0x0000000000019800       0x78 ../ext/mbedtls/library/libmbedcrypto.a(psa_crypto_driver_wrappers.c.obj)
                0x0000000000019800                psa_driver_wrapper_import_key
 .text.psa_driver_wrapper_export_public_key
                0x0000000000019878       0x70 ../ext/mbedtls/library/libmbedcrypto.a(psa_crypto_driver_wrappers.c.obj)
                0x0000000000019878                psa_driver_wrapper_export_public_key
 .text.psa_driver_wrapper_hash_compute
                0x00000000000198e8       0x68 ../ext/mbedtls/library/libmbedcrypto.a(psa_crypto_driver_wrappers.c.obj)
                0x00000000000198e8                psa_driver_wrapper_hash_compute
 .text.psa_driver_wrapper_hash_setup
                0x0000000000019950       0x64 ../ext/mbedtls/library/libmbedcrypto.a(psa_crypto_driver_wrappers.c.obj)
                0x0000000000019950                psa_driver_wrapper_hash_setup
 .text.psa_driver_wrapper_hash_update
                0x00000000000199b4       0x48 ../ext/mbedtls/library/libmbedcrypto.a(psa_crypto_driver_wrappers.c.obj)
                0x00000000000199b4                psa_driver_wrapper_hash_update
 .text.psa_driver_wrapper_hash_finish
                0x00000000000199fc       0x50 ../ext/mbedtls/library/libmbedcrypto.a(psa_crypto_driver_wrappers.c.obj)
                0x00000000000199fc                psa_driver_wrapper_hash_finish
 .text.psa_driver_wrapper_hash_abort
                0x0000000000019a4c       0x38 ../ext/mbedtls/library/libmbedcrypto.a(psa_crypto_driver_wrappers.c.obj)
                0x0000000000019a4c                psa_driver_wrapper_hash_abort
 .text.mbedtls_psa_ecp_load_representation
                0x0000000000019a84      0x270 ../ext/mbedtls/library/libmbedcrypto.a(psa_crypto_ecp.c.obj)
                0x0000000000019a84                mbedtls_psa_ecp_load_representation
 .text.mbedtls_psa_ecp_import_key
                0x0000000000019cf4      0x110 ../ext/mbedtls/library/libmbedcrypto.a(psa_crypto_ecp.c.obj)
                0x0000000000019cf4                mbedtls_psa_ecp_import_key
 .text.mbedtls_psa_ecp_export_key
                0x0000000000019e04      0x170 ../ext/mbedtls/library/libmbedcrypto.a(psa_crypto_ecp.c.obj)
                0x0000000000019e04                mbedtls_psa_ecp_export_key
 .text.mbedtls_psa_ecp_export_public_key
                0x0000000000019f74       0xf0 ../ext/mbedtls/library/libmbedcrypto.a(psa_crypto_ecp.c.obj)
                0x0000000000019f74                mbedtls_psa_ecp_export_public_key
 .text.mbedtls_psa_hash_abort
                0x000000000001a064       0xec ../ext/mbedtls/library/libmbedcrypto.a(psa_crypto_hash.c.obj)
                0x000000000001a064                mbedtls_psa_hash_abort
 .text.mbedtls_psa_hash_setup
                0x000000000001a150      0x194 ../ext/mbedtls/library/libmbedcrypto.a(psa_crypto_hash.c.obj)
                0x000000000001a150                mbedtls_psa_hash_setup
 .text.mbedtls_psa_hash_update
                0x000000000001a2e4      0x110 ../ext/mbedtls/library/libmbedcrypto.a(psa_crypto_hash.c.obj)
                0x000000000001a2e4                mbedtls_psa_hash_update
 .text.mbedtls_psa_hash_finish
                0x000000000001a3f4      0x378 ../ext/mbedtls/library/libmbedcrypto.a(psa_crypto_hash.c.obj)
                0x000000000001a3f4                mbedtls_psa_hash_finish
 .text.mbedtls_psa_hash_compute
                0x000000000001a76c       0xf0 ../ext/mbedtls/library/libmbedcrypto.a(psa_crypto_hash.c.obj)
                0x000000000001a76c                mbedtls_psa_hash_compute
 .text.mbedtls_svc_key_id_equal
                0x000000000001a85c       0x28 ../ext/mbedtls/library/libmbedcrypto.a(psa_crypto_slot_management.c.obj)
 .text.psa_is_key_slot_occupied
                0x000000000001a884       0x24 ../ext/mbedtls/library/libmbedcrypto.a(psa_crypto_slot_management.c.obj)
 .text.psa_is_key_slot_locked
                0x000000000001a8a8       0x24 ../ext/mbedtls/library/libmbedcrypto.a(psa_crypto_slot_management.c.obj)
 .text.psa_key_id_is_volatile
                0x000000000001a8cc       0x38 ../ext/mbedtls/library/libmbedcrypto.a(psa_crypto_slot_management.c.obj)
 .text.psa_lock_key_slot
                0x000000000001a904       0x40 ../ext/mbedtls/library/libmbedcrypto.a(psa_crypto_slot_management.c.obj)
 .text.psa_key_lifetime_is_external
                0x000000000001a944       0x24 ../ext/mbedtls/library/libmbedcrypto.a(psa_crypto_slot_management.c.obj)
 .text.psa_is_valid_key_id
                0x000000000001a968       0x78 ../ext/mbedtls/library/libmbedcrypto.a(psa_crypto_slot_management.c.obj)
                0x000000000001a968                psa_is_valid_key_id
 .text.psa_get_and_lock_key_slot_in_memory
                0x000000000001a9e0      0x174 ../ext/mbedtls/library/libmbedcrypto.a(psa_crypto_slot_management.c.obj)
 .text.psa_initialize_key_slots
                0x000000000001ab54       0x20 ../ext/mbedtls/library/libmbedcrypto.a(psa_crypto_slot_management.c.obj)
                0x000000000001ab54                psa_initialize_key_slots
 .text.psa_wipe_all_key_slots
                0x000000000001ab74       0x80 ../ext/mbedtls/library/libmbedcrypto.a(psa_crypto_slot_management.c.obj)
                0x000000000001ab74                psa_wipe_all_key_slots
 .text.psa_get_empty_key_slot
                0x000000000001abf4      0x1b8 ../ext/mbedtls/library/libmbedcrypto.a(psa_crypto_slot_management.c.obj)
                0x000000000001abf4                psa_get_empty_key_slot
 .text.psa_get_and_lock_key_slot
                0x000000000001adac       0x74 ../ext/mbedtls/library/libmbedcrypto.a(psa_crypto_slot_management.c.obj)
                0x000000000001adac                psa_get_and_lock_key_slot
 .text.psa_unlock_key_slot
                0x000000000001ae20       0x58 ../ext/mbedtls/library/libmbedcrypto.a(psa_crypto_slot_management.c.obj)
                0x000000000001ae20                psa_unlock_key_slot
 .text.psa_validate_key_location
                0x000000000001ae78       0x34 ../ext/mbedtls/library/libmbedcrypto.a(psa_crypto_slot_management.c.obj)
                0x000000000001ae78                psa_validate_key_location
 .text.psa_validate_key_persistence
                0x000000000001aeac       0x30 ../ext/mbedtls/library/libmbedcrypto.a(psa_crypto_slot_management.c.obj)
                0x000000000001aeac                psa_validate_key_persistence
 .text.mbedtls_sha256_init
                0x000000000001aedc       0x28 ../ext/mbedtls/library/libmbedcrypto.a(sha256.c.obj)
                0x000000000001aedc                mbedtls_sha256_init
 .text.mbedtls_sha256_free
                0x000000000001af04       0x34 ../ext/mbedtls/library/libmbedcrypto.a(sha256.c.obj)
                0x000000000001af04                mbedtls_sha256_free
 .text.mbedtls_sha256_starts
                0x000000000001af38      0x168 ../ext/mbedtls/library/libmbedcrypto.a(sha256.c.obj)
                0x000000000001af38                mbedtls_sha256_starts
 .text.mbedtls_internal_sha256_process
                0x000000000001b0a0     0x1848 ../ext/mbedtls/library/libmbedcrypto.a(sha256.c.obj)
                0x000000000001b0a0                mbedtls_internal_sha256_process
 .text.mbedtls_internal_sha256_process_many
                0x000000000001c8e8       0x74 ../ext/mbedtls/library/libmbedcrypto.a(sha256.c.obj)
 .text.mbedtls_sha256_update
                0x000000000001c95c      0x1b8 ../ext/mbedtls/library/libmbedcrypto.a(sha256.c.obj)
                0x000000000001c95c                mbedtls_sha256_update
 .text.mbedtls_sha256_finish
                0x000000000001cb14      0x2b4 ../ext/mbedtls/library/libmbedcrypto.a(sha256.c.obj)
                0x000000000001cb14                mbedtls_sha256_finish
 .text.mbedtls_sha512_init
                0x000000000001cdc8       0x28 ../ext/mbedtls/library/libmbedcrypto.a(sha512.c.obj)
                0x000000000001cdc8                mbedtls_sha512_init
 .text.mbedtls_sha512_free
                0x000000000001cdf0       0x34 ../ext/mbedtls/library/libmbedcrypto.a(sha512.c.obj)
                0x000000000001cdf0                mbedtls_sha512_free
 .text.mbedtls_sha512_starts
                0x000000000001ce24      0x1e8 ../ext/mbedtls/library/libmbedcrypto.a(sha512.c.obj)
                0x000000000001ce24                mbedtls_sha512_starts
 .text.mbedtls_internal_sha512_process
                0x000000000001d00c      0x9f0 ../ext/mbedtls/library/libmbedcrypto.a(sha512.c.obj)
                0x000000000001d00c                mbedtls_internal_sha512_process
 .text.mbedtls_internal_sha512_process_many
                0x000000000001d9fc       0x74 ../ext/mbedtls/library/libmbedcrypto.a(sha512.c.obj)
 .text.mbedtls_sha512_update
                0x000000000001da70      0x1a8 ../ext/mbedtls/library/libmbedcrypto.a(sha512.c.obj)
                0x000000000001da70                mbedtls_sha512_update
 .text.mbedtls_sha512_finish
                0x000000000001dc18      0x2b4 ../ext/mbedtls/library/libmbedcrypto.a(sha512.c.obj)
                0x000000000001dc18                mbedtls_sha512_finish
 .text.mbedtls_mpi_zeroize
                0x000000000001decc       0x30 ../ext/mbedtls/library/libmbedcrypto.a(bignum.c.obj)
 .text.mbedtls_mpi_init
                0x000000000001defc       0x34 ../ext/mbedtls/library/libmbedcrypto.a(bignum.c.obj)
                0x000000000001defc                mbedtls_mpi_init
 .text.mbedtls_mpi_free
                0x000000000001df30       0x7c ../ext/mbedtls/library/libmbedcrypto.a(bignum.c.obj)
                0x000000000001df30                mbedtls_mpi_free
 .text.mbedtls_mpi_grow
                0x000000000001dfac       0xdc ../ext/mbedtls/library/libmbedcrypto.a(bignum.c.obj)
                0x000000000001dfac                mbedtls_mpi_grow
 .text.mbedtls_mpi_shrink
                0x000000000001e088      0x160 ../ext/mbedtls/library/libmbedcrypto.a(bignum.c.obj)
                0x000000000001e088                mbedtls_mpi_shrink
 .text.mbedtls_mpi_resize_clear
                0x000000000001e1e8       0x90 ../ext/mbedtls/library/libmbedcrypto.a(bignum.c.obj)
 .text.mbedtls_mpi_copy
                0x000000000001e278      0x190 ../ext/mbedtls/library/libmbedcrypto.a(bignum.c.obj)
                0x000000000001e278                mbedtls_mpi_copy
 .text.mpi_sint_abs
                0x000000000001e408       0x2c ../ext/mbedtls/library/libmbedcrypto.a(bignum.c.obj)
 .text.mbedtls_mpi_lset
                0x000000000001e434       0xa0 ../ext/mbedtls/library/libmbedcrypto.a(bignum.c.obj)
                0x000000000001e434                mbedtls_mpi_lset
 .text.mbedtls_mpi_get_bit
                0x000000000001e4d4       0x64 ../ext/mbedtls/library/libmbedcrypto.a(bignum.c.obj)
                0x000000000001e4d4                mbedtls_mpi_get_bit
 .text.mbedtls_mpi_lsb
                0x000000000001e538       0xa4 ../ext/mbedtls/library/libmbedcrypto.a(bignum.c.obj)
                0x000000000001e538                mbedtls_mpi_lsb
 .text.mbedtls_mpi_bitlen
                0x000000000001e5dc       0x30 ../ext/mbedtls/library/libmbedcrypto.a(bignum.c.obj)
                0x000000000001e5dc                mbedtls_mpi_bitlen
 .text.mbedtls_mpi_size
                0x000000000001e60c       0x24 ../ext/mbedtls/library/libmbedcrypto.a(bignum.c.obj)
                0x000000000001e60c                mbedtls_mpi_size
 .text.mbedtls_mpi_read_binary
                0x000000000001e630       0xa4 ../ext/mbedtls/library/libmbedcrypto.a(bignum.c.obj)
                0x000000000001e630                mbedtls_mpi_read_binary
 .text.mbedtls_mpi_write_binary
                0x000000000001e6d4       0x40 ../ext/mbedtls/library/libmbedcrypto.a(bignum.c.obj)
                0x000000000001e6d4                mbedtls_mpi_write_binary
 .text.mbedtls_mpi_shift_l
                0x000000000001e714      0x258 ../ext/mbedtls/library/libmbedcrypto.a(bignum.c.obj)
                0x000000000001e714                mbedtls_mpi_shift_l
 .text.mbedtls_mpi_shift_r
                0x000000000001e96c       0x4c ../ext/mbedtls/library/libmbedcrypto.a(bignum.c.obj)
                0x000000000001e96c                mbedtls_mpi_shift_r
 .text.mbedtls_mpi_cmp_abs
                0x000000000001e9b8      0x1bc ../ext/mbedtls/library/libmbedcrypto.a(bignum.c.obj)
                0x000000000001e9b8                mbedtls_mpi_cmp_abs
 .text.mbedtls_mpi_cmp_mpi
                0x000000000001eb74      0x224 ../ext/mbedtls/library/libmbedcrypto.a(bignum.c.obj)
                0x000000000001eb74                mbedtls_mpi_cmp_mpi
 .text.mbedtls_mpi_cmp_int
                0x000000000001ed98       0x60 ../ext/mbedtls/library/libmbedcrypto.a(bignum.c.obj)
                0x000000000001ed98                mbedtls_mpi_cmp_int
 .text.mbedtls_mpi_add_abs
                0x000000000001edf8      0x214 ../ext/mbedtls/library/libmbedcrypto.a(bignum.c.obj)
                0x000000000001edf8                mbedtls_mpi_add_abs
 .text.mbedtls_mpi_sub_abs
                0x000000000001f00c      0x23c ../ext/mbedtls/library/libmbedcrypto.a(bignum.c.obj)
                0x000000000001f00c                mbedtls_mpi_sub_abs
 .text.add_sub_mpi
                0x000000000001f248      0x12c ../ext/mbedtls/library/libmbedcrypto.a(bignum.c.obj)
 .text.mbedtls_mpi_add_mpi